06-19 20:52:21.810 12250 12250 I InsetsController: onStateChanged: host=PopupWindow:92f3715, from=android.view.ViewRootImpl.onInsetsStateChanged:3026, state=InsetsState: {mDisplayFrame=Rect(0, 0 - 1080, 2400), mDisplayCutout=DisplayCutout{insets=Rect(0, 82 - 0, 0) waterfall=Insets{left=0, top=0, right=0, bottom=0} boundingRect={Bounds=[Rect(0, 0 - 0, 0), Rect(509, 0 - 571, 82), Rect(0, 0 - 0, 0), Rect(0, 0 - 0, 0)]} cutoutPathParserInfo={CutoutPathParserInfo{displayWidth=1080 displayHeight=2400 physicalDisplayWidth=1080 physicalDisplayHeight=2400 density={2.8125} cutoutSpec={M 0,0 M 0, 7.111111111111111 a 11.02222222222222,11.02222222222222 0 1,0 0,22.04444444444444 a 11.02222222222222,11.02222222222222 0 1,0 0,-22.04444444444444 Z @dp} rotation={0} scale={1.0} physicalPixelDisplaySizeRatio={1.0}}} sideOverrides={}}, mRoundedCorners=RoundedCorners{[RoundedCorner{position=TopLeft, radius=78, center=Point(78, 78)}, RoundedCorner{position=TopRight, radius=78, center=Point(1002, 78)}, RoundedCorner{position=BottomRight, radius=78, center=Point(1002, 2322)}, RoundedCorner{position=BottomLeft, radius=78, center=Point(78, 2322)}]}  mRoundedCornerFrame=Rect(0, 0 - 1080, 2400), mPrivacyIndicatorBounds=PrivacyIndicatorBounds {static bounds=Rect(948, 0 - 1080, 82) rotation=0}, mDisplayShape=DisplayShape{ spec=-311912193 displayWidth=1080 displayHeight=2400 physicalPixelDisplaySizeRatio=1.0 rotation=0 offsetX=0 offsetY=0 scale=1.0}, mSources= { InsetsSource: {e6380001 mType=navigationBars mFrame=[0,2256][1080,2400] mVisible=true mFlags= mSideHint=BOTTOM mBoundingRects=null}, InsetsSource: {e6380004 mType=systemGestures mFrame=[0,0][0,0] mVisible=true mFlags= mSideHint=NONE mBoundingRects=null}, InsetsSource: {e6380005 mType=mandatorySystemGestures mFrame=[0,2256][1080,2400] mVisible=true mFlags= mSideHint=BOTTOM mBoundingRects=null}, InsetsSource: {e6380006 mType=tappableElement mFrame=[0,2256][1080,2400] mVisible=true mFlags= mSideHint=BOTTOM mBoundingRects=null}, InsetsSource: {e6380024 mType=systemGestures mFrame=[0,0][0,0] mVisible=true mFlags= mSideHint=NONE mBoundingRects=null}, InsetsSource: {27 mType=displayCutout mFrame=[0,0][1080,82] mVisible=true mFlags= mSideHint=TOP mBoundingRects=null}, InsetsSource: {67bb0000 mType=statusBars mFrame=[0,0][1080,82] mVisible=true mFlags= mSideHint=TOP mBoundingRects=null}, InsetsSource: {67bb0005 mType=mandatorySystemGestures mFrame=[0,0][1080,118] mVisible=true mFlags= mSideHint=TOP mBoundingRects=null}, InsetsSource: {67bb0006 mType=tappableElement mFrame=[0,0][1080,82] mVisible=true mFlags= mSideHint=TOP mBoundingRects=null} }
06-19 20:52:21.811 12250 12250 I VRI[PopupWindow:92f3715]@4a6501b: synced displayState. AttachInfo displayState=2
06-19 20:52:21.821 12250 12250 I VRI[PopupWindow:92f3715]@4a6501b: setView = android.widget.PopupWindow$PopupDecorView@b210a2a IsHRR=false mFlingFrameRateChange=0 TM=true
06-19 20:52:21.822 12250 12250 W GestureDetector: Slow operation: 151ms so far, now at GestureHandler#LONG_PRESS, listener=com.termux.view.GestureAndScaleRecognizer$1@62ccbf0
06-19 20:52:21.823 12250 12289 D HWUI    : HWUI - treat SMPTE_170M as sRGB
06-19 20:52:21.840 12250 12250 W libc    : Access denied finding property "vendor.display.enable_optimal_refresh_rate"
06-19 20:52:21.841 12250 12250 I BLASTBufferQueue_Java: new BLASTBufferQueue, mName= VRI[PopupWindow:e406433]@6d1dd69 mNativeObject= 0x723b18c4c0 caller= android.view.ViewRootImpl.updateBlastSurfaceIfNeeded:3585 android.view.ViewRootImpl.relayoutWindow:11685 android.view.ViewRootImpl.performTraversals:4804 android.view.ViewRootImpl.doTraversal:3924 android.view.ViewRootImpl$TraversalRunnable.run:12903 android.view.Choreographer$CallbackRecord.run:1901 android.view.Choreographer$CallbackRecord.run:1910 android.view.Choreographer.doCallbacks:1367 android.view.Choreographer.doFrame:1292 android.view.Choreographer$FrameDisplayEventReceiver.run:1870 
06-19 20:52:21.841 12250 12250 I BLASTBufferQueue_Java: update, w= 144 h= 72 mName = VRI[PopupWindow:e406433]@6d1dd69 mNativeObject= 0x723b18c4c0 sc.mNativeObject= 0x734b059bd0 format= -3 caller= android.view.ViewRootImpl.updateBlastSurfaceIfNeeded:3590 android.view.ViewRootImpl.relayoutWindow:11685 android.view.ViewRootImpl.performTraversals:4804 android.view.ViewRootImpl.doTraversal:3924 android.view.ViewRootImpl$TraversalRunnable.run:12903 android.view.Choreographer$CallbackRecord.run:1901 
06-19 20:52:21.842 12250 12250 W libc    : Access denied finding property "vendor.display.enable_optimal_refresh_rate"
06-19 20:52:21.842 12250 12250 I VRI[PopupWindow:e406433]@6d1dd69: Relayout returned: old=(61,609,1141,3009) new=(61,609,205,681) relayoutAsync=false req=(144,72)0 dur=11 res=0x3 s={true 0x722b0909c0} ch=true seqId=0
06-19 20:52:21.844 12250 12250 D VRI[PopupWindow:e406433]@6d1dd69: mThreadedRenderer.initialize() mSurface={isValid=true 0x722b0909c0} hwInitialized=true
06-19 20:52:21.845 12250 12250 D VRI[PopupWindow:e406433]@6d1dd69: reportNextDraw android.view.ViewRootImpl.performTraversals:5443 android.view.ViewRootImpl.doTraversal:3924 android.view.ViewRootImpl$TraversalRunnable.run:12903 android.view.Choreographer$CallbackRecord.run:1901 android.view.Choreographer$CallbackRecord.run:1910 
06-19 20:52:21.846 12250 12250 D VRI[PopupWindow:e406433]@6d1dd69: Setup new sync=wmsSync-VRI[PopupWindow:e406433]@6d1dd69#86
06-19 20:52:21.846 12250 12250 I VRI[PopupWindow:e406433]@6d1dd69: Creating new active sync group VRI[PopupWindow:e406433]@6d1dd69#87
06-19 20:52:21.846 12250 12250 D VRI[PopupWindow:e406433]@6d1dd69: registerCallbacksForSync syncBuffer=false
06-19 20:52:21.847 12250 12312 D VRI[PopupWindow:e406433]@6d1dd69: Received frameDrawingCallback syncResult=0 frameNum=1.
06-19 20:52:21.848 12250 12312 I VRI[PopupWindow:e406433]@6d1dd69: mWNT: t=0x731b05ee10 mBlastBufferQueue=0x723b18c4c0 fn= 1 HdrRenderState mRenderHdrSdrRatio=1.0 caller= android.view.ViewRootImpl$12.onFrameDraw:15441 android.view.ThreadedRenderer$1.onFrameDraw:718 <bottom of call stack> 
06-19 20:52:21.848 12250 12312 I VRI[PopupWindow:e406433]@6d1dd69: Setting up sync and frameCommitCallback
06-19 20:52:21.851 12250 12289 I VRI[PopupWindow:e406433]@6d1dd69: Received frameCommittedCallback lastAttemptedDrawFrameNum=1 didProduceBuffer=true
06-19 20:52:21.854 12250 12289 D HWUI    : CFMS:: SetUp Pid : 12250    Tid : 12289
06-19 20:52:21.856 12250 12250 D VRI[PopupWindow:e406433]@6d1dd69: reportDrawFinished seqId=0
06-19 20:52:21.873 12250 12250 W libc    : Access denied finding property "vendor.display.enable_optimal_refresh_rate"
06-19 20:52:21.874 12250 12250 I BLASTBufferQueue_Java: new BLASTBufferQueue, mName= VRI[PopupWindow:443cf1c]@5fae0fa mNativeObject= 0x723b1b2720 caller= android.view.ViewRootImpl.updateBlastSurfaceIfNeeded:3585 android.view.ViewRootImpl.relayoutWindow:11685 android.view.ViewRootImpl.performTraversals:4804 android.view.ViewRootImpl.doTraversal:3924 android.view.ViewRootImpl$TraversalRunnable.run:12903 android.view.Choreographer$CallbackRecord.run:1901 android.view.Choreographer$CallbackRecord.run:1910 android.view.Choreographer.doCallbacks:1367 android.view.Choreographer.doFrame:1292 android.view.Choreographer$FrameDisplayEventReceiver.run:1870 
06-19 20:52:21.874 12250 12250 I BLASTBufferQueue_Java: update, w= 144 h= 72 mName = VRI[PopupWindow:443cf1c]@5fae0fa mNativeObject= 0x723b1b2720 sc.mNativeObject= 0x734b0571d0 format= -3 caller= android.view.ViewRootImpl.updateBlastSurfaceIfNeeded:3590 android.view.ViewRootImpl.relayoutWindow:11685 android.view.ViewRootImpl.performTraversals:4804 android.view.ViewRootImpl.doTraversal:3924 android.view.ViewRootImpl$TraversalRunnable.run:12903 android.view.Choreographer$CallbackRecord.run:1901 
06-19 20:52:21.875 12250 12250 W libc    : Access denied finding property "vendor.display.enable_optimal_refresh_rate"
06-19 20:52:21.875 12250 12250 I VRI[PopupWindow:443cf1c]@5fae0fa: Relayout returned: old=(277,609,1357,3009) new=(277,609,421,681) relayoutAsync=false req=(144,72)0 dur=13 res=0x3 s={true 0x722b106180} ch=true seqId=0
06-19 20:52:21.878 12250 12250 D VRI[PopupWindow:443cf1c]@5fae0fa: mThreadedRenderer.initialize() mSurface={isValid=true 0x722b106180} hwInitialized=true
06-19 20:52:21.881 12250 12250 D VRI[PopupWindow:443cf1c]@5fae0fa: reportNextDraw android.view.ViewRootImpl.performTraversals:5443 android.view.ViewRootImpl.doTraversal:3924 android.view.ViewRootImpl$TraversalRunnable.run:12903 android.view.Choreographer$CallbackRecord.run:1901 android.view.Choreographer$CallbackRecord.run:1910 
06-19 20:52:21.881 12250 12250 D VRI[PopupWindow:443cf1c]@5fae0fa: Setup new sync=wmsSync-VRI[PopupWindow:443cf1c]@5fae0fa#88
06-19 20:52:21.881 12250 12250 I VRI[PopupWindow:443cf1c]@5fae0fa: Creating new active sync group VRI[PopupWindow:443cf1c]@5fae0fa#89
06-19 20:52:21.881 12250 12250 D VRI[PopupWindow:443cf1c]@5fae0fa: registerCallbacksForSync syncBuffer=false
06-19 20:52:21.882 12250 12311 D VRI[PopupWindow:443cf1c]@5fae0fa: Received frameDrawingCallback syncResult=0 frameNum=1.
06-19 20:52:21.882 12250 12311 I VRI[PopupWindow:443cf1c]@5fae0fa: mWNT: t=0x731b117650 mBlastBufferQueue=0x723b1b2720 fn= 1 HdrRenderState mRenderHdrSdrRatio=1.0 caller= android.view.ViewRootImpl$12.onFrameDraw:15441 android.view.ThreadedRenderer$1.onFrameDraw:718 <bottom of call stack> 
06-19 20:52:21.882 12250 12311 I VRI[PopupWindow:443cf1c]@5fae0fa: Setting up sync and frameCommitCallback
06-19 20:52:21.884 12250 12289 I VRI[PopupWindow:443cf1c]@5fae0fa: Received frameCommittedCallback lastAttemptedDrawFrameNum=1 didProduceBuffer=true
06-19 20:52:21.885 12250 12289 D HWUI    : CFMS:: SetUp Pid : 12250    Tid : 12289
06-19 20:52:21.885 12250 12250 D VRI[PopupWindow:443cf1c]@5fae0fa: reportDrawFinished seqId=0
06-19 20:52:21.905 12250 12250 W libc    : Access denied finding property "vendor.display.enable_optimal_refresh_rate"
06-19 20:52:21.907 12250 12250 I BLASTBufferQueue_Java: new BLASTBufferQueue, mName= VRI[PopupWindow:92f3715]@4a6501b mNativeObject= 0x723b1fcbc0 caller= android.view.ViewRootImpl.updateBlastSurfaceIfNeeded:3585 android.view.ViewRootImpl.relayoutWindow:11685 android.view.ViewRootImpl.performTraversals:4804 android.view.ViewRootImpl.doTraversal:3924 android.view.ViewRootImpl$TraversalRunnable.run:12903 android.view.Choreographer$CallbackRecord.run:1901 android.view.Choreographer$CallbackRecord.run:1910 android.view.Choreographer.doCallbacks:1367 android.view.Choreographer.doFrame:1292 android.view.Choreographer$FrameDisplayEventReceiver.run:1870 
06-19 20:52:21.907 12250 12250 I BLASTBufferQueue_Java: update, w= 715 h= 192 mName = VRI[PopupWindow:92f3715]@4a6501b mNativeObject= 0x723b1fcbc0 sc.mNativeObject= 0x734b1a3090 format= -2 caller= android.view.ViewRootImpl.updateBlastSurfaceIfNeeded:3590 android.view.ViewRootImpl.relayoutWindow:11685 android.view.ViewRootImpl.performTraversals:4804 android.view.ViewRootImpl.doTraversal:3924 android.view.ViewRootImpl$TraversalRunnable.run:12903 android.view.Choreographer$CallbackRecord.run:1901 
06-19 20:52:21.908 12250 12250 W libc    : Access denied finding property "vendor.display.enable_optimal_refresh_rate"
06-19 20:52:21.908 12250 12250 I VRI[PopupWindow:92f3715]@4a6501b: Relayout returned: old=(0,457,715,649) new=(0,457,715,649) relayoutAsync=false req=(715,192)0 dur=9 res=0x3 s={true 0x722b05ab20} ch=true seqId=0
06-19 20:52:21.910 12250 12250 D VRI[PopupWindow:92f3715]@4a6501b: mThreadedRenderer.initialize() mSurface={isValid=true 0x722b05ab20} hwInitialized=true
06-19 20:52:21.914 12250 12250 D VRI[PopupWindow:92f3715]@4a6501b: reportNextDraw android.view.ViewRootImpl.performTraversals:5443 android.view.ViewRootImpl.doTraversal:3924 android.view.ViewRootImpl$TraversalRunnable.run:12903 android.view.Choreographer$CallbackRecord.run:1901 android.view.Choreographer$CallbackRecord.run:1910 
06-19 20:52:21.915 12250 12250 D VRI[PopupWindow:92f3715]@4a6501b: Setup new sync=wmsSync-VRI[PopupWindow:92f3715]@4a6501b#90
06-19 20:52:21.915 12250 12250 I VRI[PopupWindow:92f3715]@4a6501b: Creating new active sync group VRI[PopupWindow:92f3715]@4a6501b#91
06-19 20:52:21.915 12250 12250 D VRI[PopupWindow:92f3715]@4a6501b: registerCallbacksForSync syncBuffer=false
06-19 20:52:21.916 12250 12312 D VRI[PopupWindow:92f3715]@4a6501b: Received frameDrawingCallback syncResult=0 frameNum=1.
06-19 20:52:21.917 12250 12312 I VRI[PopupWindow:92f3715]@4a6501b: mWNT: t=0x731b0d0310 mBlastBufferQueue=0x723b1fcbc0 fn= 1 HdrRenderState mRenderHdrSdrRatio=1.0 caller= android.view.ViewRootImpl$12.onFrameDraw:15441 android.view.ThreadedRenderer$1.onFrameDraw:718 <bottom of call stack> 
06-19 20:52:21.917 12250 12312 I VRI[PopupWindow:92f3715]@4a6501b: Setting up sync and frameCommitCallback
06-19 20:52:21.918 12250 12289 I VRI[PopupWindow:92f3715]@4a6501b: Received frameCommittedCallback lastAttemptedDrawFrameNum=1 didProduceBuffer=true
06-19 20:52:21.919 12250 12289 D HWUI    : CFMS:: SetUp Pid : 12250    Tid : 12289
06-19 20:52:21.919 12250 12250 D VRI[PopupWindow:92f3715]@4a6501b: reportDrawFinished seqId=0
06-19 20:52:21.919 12250 12289 D HWUI    : HWUI - treat SMPTE_170M as sRGB
06-19 20:52:21.920 12250 12289 D HWUI    : HWUI - treat SMPTE_170M as sRGB
06-19 20:52:21.921 12250 12250 E ViewDragHelper: Ignoring pointerId=0 because ACTION_DOWN was not received for this pointer before ACTION_MOVE. It likely happened because  ViewDragHelper did not receive all the events in the event stream.
06-19 20:52:21.921 12250 12250 E ViewDragHelper: Ignoring pointerId=0 because ACTION_DOWN was not received for this pointer before ACTION_MOVE. It likely happened because  ViewDragHelper did not receive all the events in the event stream.
06-19 20:52:21.921 12250 12250 E ViewDragHelper: Ignoring pointerId=0 because ACTION_DOWN was not received for this pointer before ACTION_MOVE. It likely happened because  ViewDragHelper did not receive all the events in the event stream.
06-19 20:52:21.921 12250 12250 E ViewDragHelper: Ignoring pointerId=0 because ACTION_DOWN was not received for this pointer before ACTION_MOVE. It likely happened because  ViewDragHelper did not receive all the events in the event stream.
06-19 20:52:21.922 12250 12250 I BLASTBufferQueue_Java: update, w= 144 h= 72 mName = VRI[PopupWindow:e406433]@6d1dd69 mNativeObject= 0x723b18c4c0 sc.mNativeObject= 0x734b059bd0 format= -3 caller= android.view.ViewRootImpl.updateBlastSurfaceIfNeeded:3574 android.view.ViewRootImpl.relayoutWindow:11685 android.view.ViewRootImpl.performTraversals:4804 android.view.ViewRootImpl.doTraversal:3924 android.view.ViewRootImpl$TraversalRunnable.run:12903 android.view.Choreographer$CallbackRecord.run:1901 
06-19 20:52:21.922 12250 12250 I VRI[PopupWindow:e406433]@6d1dd69: Relayout returned: old=(61,609,205,681) new=(61,609,205,681) relayoutAsync=true req=(144,72)0 dur=1 res=0x0 s={true 0x722b0909c0} ch=false seqId=0
06-19 20:52:21.923 12250 12250 I VRI[PopupWindow:e406433]@6d1dd69: registerCallbackForPendingTransactions
06-19 20:52:21.923 12250 12311 I VRI[PopupWindow:e406433]@6d1dd69: mWNT: t=0x731b0cff90 mBlastBufferQueue=0x723b18c4c0 fn= 2 HdrRenderState mRenderHdrSdrRatio=1.0 caller= android.view.ViewRootImpl$10.onFrameDraw:6536 android.view.ViewRootImpl$4.onFrameDraw:2489 android.view.ThreadedRenderer$1.onFrameDraw:718 
06-19 20:52:21.924 12250 12250 I BLASTBufferQueue_Java: update, w= 144 h= 72 mName = VRI[PopupWindow:443cf1c]@5fae0fa mNativeObject= 0x723b1b2720 sc.mNativeObject= 0x734b0571d0 format= -3 caller= android.view.ViewRootImpl.updateBlastSurfaceIfNeeded:3574 android.view.ViewRootImpl.relayoutWindow:11685 android.view.ViewRootImpl.performTraversals:4804 android.view.ViewRootImpl.doTraversal:3924 android.view.ViewRootImpl$TraversalRunnable.run:12903 android.view.Choreographer$CallbackRecord.run:1901 
06-19 20:52:21.924 12250 12250 I VRI[PopupWindow:443cf1c]@5fae0fa: Relayout returned: old=(277,609,421,681) new=(277,609,421,681) relayoutAsync=true req=(144,72)0 dur=0 res=0x0 s={true 0x722b106180} ch=false seqId=0
06-19 20:52:21.924 12250 12250 I VRI[PopupWindow:443cf1c]@5fae0fa: registerCallbackForPendingTransactions
06-19 20:52:21.926 12250 12312 I VRI[PopupWindow:443cf1c]@5fae0fa: mWNT: t=0x731b0bb310 mBlastBufferQueue=0x723b1b2720 fn= 2 HdrRenderState mRenderHdrSdrRatio=1.0 caller= android.view.ViewRootImpl$10.onFrameDraw:6536 android.view.ViewRootImpl$4.onFrameDraw:2489 android.view.ThreadedRenderer$1.onFrameDraw:718 
06-19 20:52:21.928 12250 12250 I VRI[PopupWindow:e406433]@6d1dd69: handleResized, frames=ClientWindowFrames{frame=[61,609][205,681] display=[-100000,-100000][100000,100000] parentFrame=[0,0][0,0] attachedFrame=[0,0][1080,2400]} displayId=0 dragResizing=false compatScale=1.0 frameChanged=false attachedFrameChanged=false configChanged=false displayChanged=false compatScaleChanged=false dragResizingChanged=false
06-19 20:52:21.928 12250 12250 I VRI[PopupWindow:e406433]@6d1dd69: handleResized mSyncSeqId = 0
06-19 20:52:21.928 12250 12250 D VRI[PopupWindow:e406433]@6d1dd69: reportNextDraw android.view.ViewRootImpl.handleResized:2983 android.view.ViewRootImpl.-$$Nest$mhandleResized:0 android.view.ViewRootImpl$W.resized:14082 android.app.servertransaction.WindowStateResizeItem.execute:93 android.app.servertransaction.WindowStateTransactionItem.execute:62 
06-19 20:52:21.928 12250 12250 I VRI[PopupWindow:443cf1c]@5fae0fa: handleResized, frames=ClientWindowFrames{frame=[277,609][421,681] display=[-100000,-100000][100000,100000] parentFrame=[0,0][0,0] attachedFrame=[0,0][1080,2400]} displayId=0 dragResizing=false compatScale=1.0 frameChanged=false attachedFrameChanged=false configChanged=false displayChanged=false compatScaleChanged=false dragResizingChanged=false
06-19 20:52:21.929 12250 12250 I VRI[PopupWindow:443cf1c]@5fae0fa: handleResized mSyncSeqId = 0
06-19 20:52:21.929 12250 12250 D VRI[PopupWindow:443cf1c]@5fae0fa: reportNextDraw android.view.ViewRootImpl.handleResized:2983 android.view.ViewRootImpl.-$$Nest$mhandleResized:0 android.view.ViewRootImpl$W.resized:14082 android.app.servertransaction.WindowStateResizeItem.execute:93 android.app.servertransaction.WindowStateTransactionItem.execute:62 
06-19 20:52:21.937 12250 12250 D VRI[PopupWindow:e406433]@6d1dd69: Setup new sync=wmsSync-VRI[PopupWindow:e406433]@6d1dd69#92
06-19 20:52:21.937 12250 12250 I VRI[PopupWindow:e406433]@6d1dd69: Creating new active sync group VRI[PopupWindow:e406433]@6d1dd69#93
06-19 20:52:21.937 12250 12250 D VRI[PopupWindow:e406433]@6d1dd69: registerCallbacksForSync syncBuffer=false
06-19 20:52:21.938 12250 12311 D VRI[PopupWindow:e406433]@6d1dd69: Received frameDrawingCallback syncResult=0 frameNum=3.
06-19 20:52:21.938 12250 12311 I VRI[PopupWindow:e406433]@6d1dd69: Setting up sync and frameCommitCallback
06-19 20:52:21.939 12250 12289 I VRI[PopupWindow:e406433]@6d1dd69: Received frameCommittedCallback lastAttemptedDrawFrameNum=3 didProduceBuffer=true
06-19 20:52:21.940 12250 12250 D VRI[PopupWindow:e406433]@6d1dd69: reportDrawFinished seqId=0
06-19 20:52:21.940 12250 12250 D VRI[PopupWindow:443cf1c]@5fae0fa: Setup new sync=wmsSync-VRI[PopupWindow:443cf1c]@5fae0fa#94
06-19 20:52:21.940 12250 12250 I VRI[PopupWindow:443cf1c]@5fae0fa: Creating new active sync group VRI[PopupWindow:443cf1c]@5fae0fa#95
06-19 20:52:21.941 12250 12250 D VRI[PopupWindow:443cf1c]@5fae0fa: registerCallbacksForSync syncBuffer=false
06-19 20:52:21.941 12250 12312 D VRI[PopupWindow:443cf1c]@5fae0fa: Received frameDrawingCallback syncResult=0 frameNum=3.
06-19 20:52:21.941 12250 12312 I VRI[PopupWindow:443cf1c]@5fae0fa: Setting up sync and frameCommitCallback
06-19 20:52:21.943 12250 12289 I VRI[PopupWindow:443cf1c]@5fae0fa: Received frameCommittedCallback lastAttemptedDrawFrameNum=3 didProduceBuffer=true
06-19 20:52:21.943 12250 12250 D VRI[PopupWindow:443cf1c]@5fae0fa: reportDrawFinished seqId=0
06-19 20:52:21.978 12250 12250 I VRI[TermuxActivity]@a4a830a: ViewPostIme pointer 1
06-19 20:52:22.021 12250 12250 I WindowManager: WindowManagerGlobal#removeView, ty=1005, view=android.widget.PopupWindow$PopupDecorView{b210a2a V.E...... R......D 0,0-715,192}, caller=android.view.WindowManagerGlobal.removeView:654 android.view.WindowManagerImpl.removeViewImmediate:216 android.widget.PopupWindow.dismissImmediate:2415 
06-19 20:52:22.022 12250 12250 W WindowOnBackDispatcher: sendCancelIfRunning: isInProgress=false callback=android.view.ViewRootImpl$$ExternalSyntheticLambda16@937760b
06-19 20:52:22.026 12250 12250 I VRI[PopupWindow:92f3715]@4a6501b: dispatchDetachedFromWindow
06-19 20:52:22.033 12250 12250 D InputTransport: Input channel destroyed: 'b9a9973', fd=170
06-19 20:52:22.284 12250 12250 I WindowManager: WindowManagerGlobal#addView, ty=1005, view=android.widget.PopupWindow$PopupDecorView{a1e56a9 V.E...... R.....I. 0,0-0,0}, caller=android.view.WindowManagerImpl.addView:158 android.widget.PopupWindow.invokePopup:1692 android.widget.PopupWindow.showAtLocation:1418 
06-19 20:52:22.286 12250 12250 I ViewRootImpl: dVRR is disabled
06-19 20:52:22.288 12250 12289 D NativeCustomFrequencyManager: [NativeCFMS] BpCustomFrequencyManager::BpCustomFrequencyManager()
06-19 20:52:22.312 12250 12250 D InputTransport: Input channel constructed: '5075df4', fd=170
06-19 20:52:22.313 12250 12250 I InsetsController: onStateChanged: host=PopupWindow:92f3715, from=android.view.ViewRootImpl.onInsetsStateChanged:3026, state=InsetsState: {mDisplayFrame=Rect(0, 0 - 1080, 2400), mDisplayCutout=DisplayCutout{insets=Rect(0, 82 - 0, 0) waterfall=Insets{left=0, top=0, right=0, bottom=0} boundingRect={Bounds=[Rect(0, 0 - 0, 0), Rect(509, 0 - 571, 82), Rect(0, 0 - 0, 0), Rect(0, 0 - 0, 0)]} cutoutPathParserInfo={CutoutPathParserInfo{displayWidth=1080 displayHeight=2400 physicalDisplayWidth=1080 physicalDisplayHeight=2400 density={2.8125} cutoutSpec={M 0,0 M 0, 7.111111111111111 a 11.02222222222222,11.02222222222222 0 1,0 0,22.04444444444444 a 11.02222222222222,11.02222222222222 0 1,0 0,-22.04444444444444 Z @dp} rotation={0} scale={1.0} physicalPixelDisplaySizeRatio={1.0}}} sideOverrides={}}, mRoundedCorners=RoundedCorners{[RoundedCorner{position=TopLeft, radius=78, center=Point(78, 78)}, RoundedCorner{position=TopRight, radius=78, center=Point(1002, 78)}, RoundedCorner{position=BottomRight, radius=78, center=Point(1002, 2322)}, RoundedCorner{position=BottomLeft, radius=78, center=Point(78, 2322)}]}  mRoundedCornerFrame=Rect(0, 0 - 1080, 2400), mPrivacyIndicatorBounds=PrivacyIndicatorBounds {static bounds=Rect(948, 0 - 1080, 82) rotation=0}, mDisplayShape=DisplayShape{ spec=-311912193 displayWidth=1080 displayHeight=2400 physicalPixelDisplaySizeRatio=1.0 rotation=0 offsetX=0 offsetY=0 scale=1.0}, mSources= { InsetsSource: {e6380001 mType=navigationBars mFrame=[0,2256][1080,2400] mVisible=true mFlags= mSideHint=BOTTOM mBoundingRects=null}, InsetsSource: {e6380004 mType=systemGestures mFrame=[0,0][0,0] mVisible=true mFlags= mSideHint=NONE mBoundingRects=null}, InsetsSource: {e6380005 mType=mandatorySystemGestures mFrame=[0,2256][1080,2400] mVisible=true mFlags= mSideHint=BOTTOM mBoundingRects=null}, InsetsSource: {e6380006 mType=tappableElement mFrame=[0,2256][1080,2400] mVisible=true mFlags= mSideHint=BOTTOM mBoundingRects=null}, InsetsSource: {e6380024 mType=systemGestures mFrame=[0,0][0,0] mVisible=true mFlags= mSideHint=NONE mBoundingRects=null}, InsetsSource: {27 mType=displayCutout mFrame=[0,0][1080,82] mVisible=true mFlags= mSideHint=TOP mBoundingRects=null}, InsetsSource: {67bb0000 mType=statusBars mFrame=[0,0][1080,82] mVisible=true mFlags= mSideHint=TOP mBoundingRects=null}, InsetsSource: {67bb0005 mType=mandatorySystemGestures mFrame=[0,0][1080,118] mVisible=true mFlags= mSideHint=TOP mBoundingRects=null}, InsetsSource: {67bb0006 mType=tappableElement mFrame=[0,0][1080,82] mVisible=true mFlags= mSideHint=TOP mBoundingRects=null} }
06-19 20:52:22.314 12250 12250 I VRI[PopupWindow:92f3715]@d08942e: synced displayState. AttachInfo displayState=2
06-19 20:52:22.330 12250 12250 I VRI[PopupWindow:92f3715]@d08942e: setView = android.widget.PopupWindow$PopupDecorView@a1e56a9 IsHRR=false mFlingFrameRateChange=0 TM=true
06-19 20:52:22.331 12250 12289 D HWUI    : HWUI - treat SMPTE_170M as sRGB
06-19 20:52:22.352 12250 12250 W libc    : Access denied finding property "vendor.display.enable_optimal_refresh_rate"
06-19 20:52:22.353 12250 12250 I BLASTBufferQueue_Java: new BLASTBufferQueue, mName= VRI[PopupWindow:92f3715]@d08942e mNativeObject= 0x723b1eaaa0 caller= android.view.ViewRootImpl.updateBlastSurfaceIfNeeded:3585 android.view.ViewRootImpl.relayoutWindow:11685 android.view.ViewRootImpl.performTraversals:4804 android.view.ViewRootImpl.doTraversal:3924 android.view.ViewRootImpl$TraversalRunnable.run:12903 android.view.Choreographer$CallbackRecord.run:1901 android.view.Choreographer$CallbackRecord.run:1910 android.view.Choreographer.doCallbacks:1367 android.view.Choreographer.doFrame:1292 android.view.Choreographer$FrameDisplayEventReceiver.run:1870 
06-19 20:52:22.353 12250 12250 I BLASTBufferQueue_Java: update, w= 715 h= 192 mName = VRI[PopupWindow:92f3715]@d08942e mNativeObject= 0x723b1eaaa0 sc.mNativeObject= 0x734b1a3090 format= -2 caller= android.view.ViewRootImpl.updateBlastSurfaceIfNeeded:3590 android.view.ViewRootImpl.relayoutWindow:11685 android.view.ViewRootImpl.performTraversals:4804 android.view.ViewRootImpl.doTraversal:3924 android.view.ViewRootImpl$TraversalRunnable.run:12903 android.view.Choreographer$CallbackRecord.run:1901 
06-19 20:52:22.354 12250 12250 W libc    : Access denied finding property "vendor.display.enable_optimal_refresh_rate"
06-19 20:52:22.355 12250 12250 I VRI[PopupWindow:92f3715]@d08942e: Relayout returned: old=(0,457,715,649) new=(0,457,715,649) relayoutAsync=false req=(715,192)0 dur=13 res=0x3 s={true 0x722b1c6030} ch=true seqId=0
06-19 20:52:22.357 12250 12250 D VRI[PopupWindow:92f3715]@d08942e: mThreadedRenderer.initialize() mSurface={isValid=true 0x722b1c6030} hwInitialized=true
06-19 20:52:22.360 12250 12250 D VRI[PopupWindow:92f3715]@d08942e: reportNextDraw android.view.ViewRootImpl.performTraversals:5443 android.view.ViewRootImpl.doTraversal:3924 android.view.ViewRootImpl$TraversalRunnable.run:12903 android.view.Choreographer$CallbackRecord.run:1901 android.view.Choreographer$CallbackRecord.run:1910 
06-19 20:52:22.360 12250 12250 D VRI[PopupWindow:92f3715]@d08942e: Setup new sync=wmsSync-VRI[PopupWindow:92f3715]@d08942e#96
06-19 20:52:22.361 12250 12250 I VRI[PopupWindow:92f3715]@d08942e: Creating new active sync group VRI[PopupWindow:92f3715]@d08942e#97
06-19 20:52:22.361 12250 12250 D VRI[PopupWindow:92f3715]@d08942e: registerCallbacksForSync syncBuffer=false
06-19 20:52:22.364 12250 12311 D VRI[PopupWindow:92f3715]@d08942e: Received frameDrawingCallback syncResult=0 frameNum=1.
06-19 20:52:22.364 12250 12311 I VRI[PopupWindow:92f3715]@d08942e: mWNT: t=0x731b0e6490 mBlastBufferQueue=0x723b1eaaa0 fn= 1 HdrRenderState mRenderHdrSdrRatio=1.0 caller= android.view.ViewRootImpl$12.onFrameDraw:15441 android.view.ThreadedRenderer$1.onFrameDraw:718 <bottom of call stack> 
06-19 20:52:22.364 12250 12311 I VRI[PopupWindow:92f3715]@d08942e: Setting up sync and frameCommitCallback
06-19 20:52:22.367 12250 12289 I VRI[PopupWindow:92f3715]@d08942e: Received frameCommittedCallback lastAttemptedDrawFrameNum=1 didProduceBuffer=true
06-19 20:52:22.370 12250 12289 D HWUI    : CFMS:: SetUp Pid : 12250    Tid : 12289
06-19 20:52:22.370 12250 12250 D VRI[PopupWindow:92f3715]@d08942e: reportDrawFinished seqId=0
06-19 20:52:22.372 12250 12250 I VRI[PopupWindow:92f3715]@d08942e: handleResized, frames=ClientWindowFrames{frame=[0,457][715,649] display=[-100000,-100000][100000,100000] parentFrame=[0,0][0,0] attachedFrame=[0,0][1080,2400]} displayId=0 dragResizing=false compatScale=1.0 frameChanged=false attachedFrameChanged=false configChanged=false displayChanged=false compatScaleChanged=false dragResizingChanged=false
06-19 20:52:22.372 12250 12250 I VRI[PopupWindow:92f3715]@d08942e: handleResized mSyncSeqId = 0
06-19 20:52:22.373 12250 12250 D VRI[PopupWindow:92f3715]@d08942e: reportNextDraw android.view.ViewRootImpl.handleResized:2983 android.view.ViewRootImpl.-$$Nest$mhandleResized:0 android.view.ViewRootImpl$W.resized:14082 android.app.servertransaction.WindowStateResizeItem.execute:93 android.app.servertransaction.WindowStateTransactionItem.execute:62 
06-19 20:52:22.389 12250 12250 D VRI[PopupWindow:92f3715]@d08942e: Setup new sync=wmsSync-VRI[PopupWindow:92f3715]@d08942e#98
06-19 20:52:22.389 12250 12250 I VRI[PopupWindow:92f3715]@d08942e: Creating new active sync group VRI[PopupWindow:92f3715]@d08942e#99
06-19 20:52:22.390 12250 12250 D VRI[PopupWindow:92f3715]@d08942e: registerCallbacksForSync syncBuffer=false
06-19 20:52:22.391 12250 12312 D VRI[PopupWindow:92f3715]@d08942e: Received frameDrawingCallback syncResult=0 frameNum=3.
06-19 20:52:22.392 12250 12312 I VRI[PopupWindow:92f3715]@d08942e: Setting up sync and frameCommitCallback
06-19 20:52:22.397 12250 12289 I VRI[PopupWindow:92f3715]@d08942e: Received frameCommittedCallback lastAttemptedDrawFrameNum=3 didProduceBuffer=true
06-19 20:52:22.399 12250 12250 D VRI[PopupWindow:92f3715]@d08942e: reportDrawFinished seqId=0
06-19 20:52:22.630 12250 12250 I VRI[PopupWindow:443cf1c]@5fae0fa: ViewPostIme pointer 0
06-19 20:52:22.631 12250 12250 I VRI[PopupWindow:443cf1c]@5fae0fa: call setFrameRateCategory for touch hint category=high hint, reason=touch, vri=VRI[PopupWindow:443cf1c]@5fae0fa
06-19 20:52:22.739 12250 12250 I BLASTBufferQueue_Java: update, w= 144 h= 72 mName = VRI[PopupWindow:443cf1c]@5fae0fa mNativeObject= 0x723b1b2720 sc.mNativeObject= 0x734b0571d0 format= -3 caller= android.view.ViewRootImpl.updateBlastSurfaceIfNeeded:3574 android.view.ViewRootImpl.relayoutWindow:11685 android.view.ViewRootImpl.performTraversals:4804 android.view.ViewRootImpl.doTraversal:3924 android.view.ViewRootImpl$TraversalRunnable.run:12903 android.view.Choreographer$CallbackRecord.run:1901 
06-19 20:52:22.740 12250 12250 I VRI[PopupWindow:443cf1c]@5fae0fa: Relayout returned: old=(277,609,421,681) new=(293,609,437,681) relayoutAsync=true req=(144,72)0 dur=0 res=0x0 s={true 0x722b106180} ch=false seqId=0
06-19 20:52:22.741 12250 12250 I VRI[PopupWindow:443cf1c]@5fae0fa: registerCallbackForPendingTransactions
06-19 20:52:22.751 12250 12311 I VRI[PopupWindow:443cf1c]@5fae0fa: mWNT: t=0x731b13b990 mBlastBufferQueue=0x723b1b2720 fn= 4 HdrRenderState mRenderHdrSdrRatio=1.0 caller= android.view.ViewRootImpl$10.onFrameDraw:6536 android.view.ViewRootImpl$4.onFrameDraw:2489 android.view.ThreadedRenderer$1.onFrameDraw:718 
06-19 20:52:22.800 12250 12250 I BLASTBufferQueue_Java: update, w= 144 h= 72 mName = VRI[PopupWindow:443cf1c]@5fae0fa mNativeObject= 0x723b1b2720 sc.mNativeObject= 0x734b0571d0 format= -3 caller= android.view.ViewRootImpl.updateBlastSurfaceIfNeeded:3574 android.view.ViewRootImpl.relayoutWindow:11685 android.view.ViewRootImpl.performTraversals:4804 android.view.ViewRootImpl.doTraversal:3924 android.view.ViewRootImpl$TraversalRunnable.run:12903 android.view.Choreographer$CallbackRecord.run:1901 
06-19 20:52:22.800 12250 12250 I VRI[PopupWindow:443cf1c]@5fae0fa: Relayout returned: old=(293,609,437,681) new=(293,640,437,712) relayoutAsync=true req=(144,72)0 dur=0 res=0x0 s={true 0x722b106180} ch=false seqId=0
06-19 20:52:22.801 12250 12250 I VRI[PopupWindow:443cf1c]@5fae0fa: registerCallbackForPendingTransactions
06-19 20:52:22.801 12250 12312 I VRI[PopupWindow:443cf1c]@5fae0fa: mWNT: t=0x731b0a2090 mBlastBufferQueue=0x723b1b2720 fn= 5 HdrRenderState mRenderHdrSdrRatio=1.0 caller= android.view.ViewRootImpl$10.onFrameDraw:6536 android.view.ViewRootImpl$4.onFrameDraw:2489 android.view.ThreadedRenderer$1.onFrameDraw:718 
06-19 20:52:22.815 12250 12250 I BLASTBufferQueue_Java: update, w= 144 h= 72 mName = VRI[PopupWindow:443cf1c]@5fae0fa mNativeObject= 0x723b1b2720 sc.mNativeObject= 0x734b0571d0 format= -3 caller= android.view.ViewRootImpl.updateBlastSurfaceIfNeeded:3574 android.view.ViewRootImpl.relayoutWindow:11685 android.view.ViewRootImpl.performTraversals:4804 android.view.ViewRootImpl.doTraversal:3924 android.view.ViewRootImpl$TraversalRunnable.run:12903 android.view.Choreographer$CallbackRecord.run:1901 
06-19 20:52:22.816 12250 12250 I VRI[PopupWindow:443cf1c]@5fae0fa: Relayout returned: old=(293,640,437,712) new=(309,640,453,712) relayoutAsync=true req=(144,72)0 dur=0 res=0x0 s={true 0x722b106180} ch=false seqId=0
06-19 20:52:22.817 12250 12250 I VRI[PopupWindow:443cf1c]@5fae0fa: registerCallbackForPendingTransactions
06-19 20:52:22.818 12250 12311 I VRI[PopupWindow:443cf1c]@5fae0fa: mWNT: t=0x731b0c2a10 mBlastBufferQueue=0x723b1b2720 fn= 6 HdrRenderState mRenderHdrSdrRatio=1.0 caller= android.view.ViewRootImpl$10.onFrameDraw:6536 android.view.ViewRootImpl$4.onFrameDraw:2489 android.view.ThreadedRenderer$1.onFrameDraw:718 
06-19 20:52:22.832 12250 12250 I WindowManager: WindowManagerGlobal#removeView, ty=1005, view=android.widget.PopupWindow$PopupDecorView{a1e56a9 V.E...... R......D 0,0-715,192}, caller=android.view.WindowManagerGlobal.removeView:654 android.view.WindowManagerImpl.removeViewImmediate:216 android.widget.PopupWindow.dismissImmediate:2415 
06-19 20:52:22.832 12250 12250 W WindowOnBackDispatcher: sendCancelIfRunning: isInProgress=false callback=android.view.ViewRootImpl$$ExternalSyntheticLambda16@55cb465
06-19 20:52:22.839 12250 12250 I VRI[PopupWindow:92f3715]@d08942e: dispatchDetachedFromWindow
06-19 20:52:22.842 12250 12250 D InputTransport: Input channel destroyed: '5075df4', fd=170
06-19 20:52:22.843 12250 12250 I BLASTBufferQueue_Java: update, w= 144 h= 72 mName = VRI[PopupWindow:443cf1c]@5fae0fa mNativeObject= 0x723b1b2720 sc.mNativeObject= 0x734b0571d0 format= -3 caller= android.view.ViewRootImpl.updateBlastSurfaceIfNeeded:3574 android.view.ViewRootImpl.relayoutWindow:11685 android.view.ViewRootImpl.performTraversals:4804 android.view.ViewRootImpl.doTraversal:3924 android.view.ViewRootImpl$TraversalRunnable.run:12903 android.view.Choreographer$CallbackRecord.run:1901 
06-19 20:52:22.843 12250 12250 I VRI[PopupWindow:443cf1c]@5fae0fa: Relayout returned: old=(309,640,453,712) new=(309,671,453,743) relayoutAsync=true req=(144,72)0 dur=0 res=0x0 s={true 0x722b106180} ch=false seqId=0
06-19 20:52:22.844 12250 12250 I VRI[PopupWindow:443cf1c]@5fae0fa: registerCallbackForPendingTransactions
06-19 20:52:22.845 12250 12312 I VRI[PopupWindow:443cf1c]@5fae0fa: mWNT: t=0x731b0b1050 mBlastBufferQueue=0x723b1b2720 fn= 7 HdrRenderState mRenderHdrSdrRatio=1.0 caller= android.view.ViewRootImpl$10.onFrameDraw:6536 android.view.ViewRootImpl$4.onFrameDraw:2489 android.view.ThreadedRenderer$1.onFrameDraw:718 
06-19 20:52:22.853 12250 12250 I BLASTBufferQueue_Java: update, w= 144 h= 72 mName = VRI[PopupWindow:443cf1c]@5fae0fa mNativeObject= 0x723b1b2720 sc.mNativeObject= 0x734b0571d0 format= -3 caller= android.view.ViewRootImpl.updateBlastSurfaceIfNeeded:3574 android.view.ViewRootImpl.relayoutWindow:11685 android.view.ViewRootImpl.performTraversals:4804 android.view.ViewRootImpl.doTraversal:3924 android.view.ViewRootImpl$TraversalRunnable.run:12903 android.view.Choreographer$CallbackRecord.run:1901 
06-19 20:52:22.853 12250 12250 I VRI[PopupWindow:443cf1c]@5fae0fa: Relayout returned: old=(309,671,453,743) new=(325,671,469,743) relayoutAsync=true req=(144,72)0 dur=1 res=0x0 s={true 0x722b106180} ch=false seqId=0
06-19 20:52:22.854 12250 12250 I VRI[PopupWindow:443cf1c]@5fae0fa: registerCallbackForPendingTransactions
06-19 20:52:22.855 12250 12311 I VRI[PopupWindow:443cf1c]@5fae0fa: mWNT: t=0x731b11fed0 mBlastBufferQueue=0x723b1b2720 fn= 8 HdrRenderState mRenderHdrSdrRatio=1.0 caller= android.view.ViewRootImpl$10.onFrameDraw:6536 android.view.ViewRootImpl$4.onFrameDraw:2489 android.view.ThreadedRenderer$1.onFrameDraw:718 
06-19 20:52:22.858 12250 12250 I BLASTBufferQueue_Java: update, w= 144 h= 72 mName = VRI[PopupWindow:443cf1c]@5fae0fa mNativeObject= 0x723b1b2720 sc.mNativeObject= 0x734b0571d0 format= -3 caller= android.view.ViewRootImpl.updateBlastSurfaceIfNeeded:3574 android.view.ViewRootImpl.relayoutWindow:11685 android.view.ViewRootImpl.performTraversals:4804 android.view.ViewRootImpl.doTraversal:3924 android.view.ViewRootImpl$TraversalRunnable.run:12903 android.view.Choreographer$CallbackRecord.run:1901 
06-19 20:52:22.858 12250 12250 I VRI[PopupWindow:443cf1c]@5fae0fa: Relayout returned: old=(325,671,469,743) new=(325,702,469,774) relayoutAsync=true req=(144,72)0 dur=0 res=0x0 s={true 0x722b106180} ch=false seqId=0
06-19 20:52:22.859 12250 12250 I VRI[PopupWindow:443cf1c]@5fae0fa: registerCallbackForPendingTransactions
06-19 20:52:22.862 12250 12312 I VRI[PopupWindow:443cf1c]@5fae0fa: mWNT: t=0x731b0e4dd0 mBlastBufferQueue=0x723b1b2720 fn= 9 HdrRenderState mRenderHdrSdrRatio=1.0 caller= android.view.ViewRootImpl$10.onFrameDraw:6536 android.view.ViewRootImpl$4.onFrameDraw:2489 android.view.ThreadedRenderer$1.onFrameDraw:718 
06-19 20:52:22.888 12250 12250 I BLASTBufferQueue_Java: update, w= 144 h= 72 mName = VRI[PopupWindow:443cf1c]@5fae0fa mNativeObject= 0x723b1b2720 sc.mNativeObject= 0x734b0571d0 format= -3 caller= android.view.ViewRootImpl.updateBlastSurfaceIfNeeded:3574 android.view.ViewRootImpl.relayoutWindow:11685 android.view.ViewRootImpl.performTraversals:4804 android.view.ViewRootImpl.doTraversal:3924 android.view.ViewRootImpl$TraversalRunnable.run:12903 android.view.Choreographer$CallbackRecord.run:1901 
06-19 20:52:22.888 12250 12250 I VRI[PopupWindow:443cf1c]@5fae0fa: Relayout returned: old=(325,702,469,774) new=(341,733,485,805) relayoutAsync=true req=(144,72)0 dur=0 res=0x0 s={true 0x722b106180} ch=false seqId=0
06-19 20:52:22.889 12250 12250 I VRI[PopupWindow:443cf1c]@5fae0fa: registerCallbackForPendingTransactions
06-19 20:52:22.902 12250 12311 I VRI[PopupWindow:443cf1c]@5fae0fa: mWNT: t=0x731b06b750 mBlastBufferQueue=0x723b1b2720 fn= 10 HdrRenderState mRenderHdrSdrRatio=1.0 caller= android.view.ViewRootImpl$10.onFrameDraw:6536 android.view.ViewRootImpl$4.onFrameDraw:2489 android.view.ThreadedRenderer$1.onFrameDraw:718 
06-19 20:52:22.907 12250 12250 I BLASTBufferQueue_Java: update, w= 144 h= 72 mName = VRI[PopupWindow:443cf1c]@5fae0fa mNativeObject= 0x723b1b2720 sc.mNativeObject= 0x734b0571d0 format= -3 caller= android.view.ViewRootImpl.updateBlastSurfaceIfNeeded:3574 android.view.ViewRootImpl.relayoutWindow:11685 android.view.ViewRootImpl.performTraversals:4804 android.view.ViewRootImpl.doTraversal:3924 android.view.ViewRootImpl$TraversalRunnable.run:12903 android.view.Choreographer$CallbackRecord.run:1901 
06-19 20:52:22.907 12250 12250 I VRI[PopupWindow:443cf1c]@5fae0fa: Relayout returned: old=(341,733,485,805) new=(341,764,485,836) relayoutAsync=true req=(144,72)0 dur=0 res=0x0 s={true 0x722b106180} ch=false seqId=0
06-19 20:52:22.908 12250 12250 I VRI[PopupWindow:443cf1c]@5fae0fa: registerCallbackForPendingTransactions
06-19 20:52:22.913 12250 12312 I VRI[PopupWindow:443cf1c]@5fae0fa: mWNT: t=0x731b1275d0 mBlastBufferQueue=0x723b1b2720 fn= 11 HdrRenderState mRenderHdrSdrRatio=1.0 caller= android.view.ViewRootImpl$10.onFrameDraw:6536 android.view.ViewRootImpl$4.onFrameDraw:2489 android.view.ThreadedRenderer$1.onFrameDraw:718 
06-19 20:52:22.922 12250 12250 I BLASTBufferQueue_Java: update, w= 144 h= 72 mName = VRI[PopupWindow:443cf1c]@5fae0fa mNativeObject= 0x723b1b2720 sc.mNativeObject= 0x734b0571d0 format= -3 caller= android.view.ViewRootImpl.updateBlastSurfaceIfNeeded:3574 android.view.ViewRootImpl.relayoutWindow:11685 android.view.ViewRootImpl.performTraversals:4804 android.view.ViewRootImpl.doTraversal:3924 android.view.ViewRootImpl$TraversalRunnable.run:12903 android.view.Choreographer$CallbackRecord.run:1901 
06-19 20:52:22.922 12250 12250 I VRI[PopupWindow:443cf1c]@5fae0fa: Relayout returned: old=(341,764,485,836) new=(357,795,501,867) relayoutAsync=true req=(144,72)0 dur=0 res=0x0 s={true 0x722b106180} ch=false seqId=0
06-19 20:52:22.923 12250 12250 I VRI[PopupWindow:443cf1c]@5fae0fa: registerCallbackForPendingTransactions
06-19 20:52:22.933 12250 12311 I VRI[PopupWindow:443cf1c]@5fae0fa: mWNT: t=0x731b09e350 mBlastBufferQueue=0x723b1b2720 fn= 12 HdrRenderState mRenderHdrSdrRatio=1.0 caller= android.view.ViewRootImpl$10.onFrameDraw:6536 android.view.ViewRootImpl$4.onFrameDraw:2489 android.view.ThreadedRenderer$1.onFrameDraw:718 
06-19 20:52:22.955 12250 12250 I BLASTBufferQueue_Java: update, w= 144 h= 72 mName = VRI[PopupWindow:443cf1c]@5fae0fa mNativeObject= 0x723b1b2720 sc.mNativeObject= 0x734b0571d0 format= -3 caller= android.view.ViewRootImpl.updateBlastSurfaceIfNeeded:3574 android.view.ViewRootImpl.relayoutWindow:11685 android.view.ViewRootImpl.performTraversals:4804 android.view.ViewRootImpl.doTraversal:3924 android.view.ViewRootImpl$TraversalRunnable.run:12903 android.view.Choreographer$CallbackRecord.run:1901 
06-19 20:52:22.955 12250 12250 I VRI[PopupWindow:443cf1c]@5fae0fa: Relayout returned: old=(357,795,501,867) new=(373,826,517,898) relayoutAsync=true req=(144,72)0 dur=1 res=0x0 s={true 0x722b106180} ch=false seqId=0
06-19 20:52:22.956 12250 12250 I VRI[PopupWindow:443cf1c]@5fae0fa: registerCallbackForPendingTransactions
06-19 20:52:22.966 12250 12312 I VRI[PopupWindow:443cf1c]@5fae0fa: mWNT: t=0x731b0b4690 mBlastBufferQueue=0x723b1b2720 fn= 13 HdrRenderState mRenderHdrSdrRatio=1.0 caller= android.view.ViewRootImpl$10.onFrameDraw:6536 android.view.ViewRootImpl$4.onFrameDraw:2489 android.view.ThreadedRenderer$1.onFrameDraw:718 
06-19 20:52:22.974 12250 12250 I BLASTBufferQueue_Java: update, w= 144 h= 72 mName = VRI[PopupWindow:443cf1c]@5fae0fa mNativeObject= 0x723b1b2720 sc.mNativeObject= 0x734b0571d0 format= -3 caller= android.view.ViewRootImpl.updateBlastSurfaceIfNeeded:3574 android.view.ViewRootImpl.relayoutWindow:11685 android.view.ViewRootImpl.performTraversals:4804 android.view.ViewRootImpl.doTraversal:3924 android.view.ViewRootImpl$TraversalRunnable.run:12903 android.view.Choreographer$CallbackRecord.run:1901 
06-19 20:52:22.975 12250 12250 I VRI[PopupWindow:443cf1c]@5fae0fa: Relayout returned: old=(373,826,517,898) new=(373,857,517,929) relayoutAsync=true req=(144,72)0 dur=1 res=0x0 s={true 0x722b106180} ch=false seqId=0
06-19 20:52:22.977 12250 12250 I VRI[PopupWindow:443cf1c]@5fae0fa: registerCallbackForPendingTransactions
06-19 20:52:22.980 12250 12311 I VRI[PopupWindow:443cf1c]@5fae0fa: mWNT: t=0x731b0fead0 mBlastBufferQueue=0x723b1b2720 fn= 14 HdrRenderState mRenderHdrSdrRatio=1.0 caller= android.view.ViewRootImpl$10.onFrameDraw:6536 android.view.ViewRootImpl$4.onFrameDraw:2489 android.view.ThreadedRenderer$1.onFrameDraw:718 
06-19 20:52:22.989 12250 12250 I BLASTBufferQueue_Java: update, w= 144 h= 72 mName = VRI[PopupWindow:443cf1c]@5fae0fa mNativeObject= 0x723b1b2720 sc.mNativeObject= 0x734b0571d0 format= -3 caller= android.view.ViewRootImpl.updateBlastSurfaceIfNeeded:3574 android.view.ViewRootImpl.relayoutWindow:11685 android.view.ViewRootImpl.performTraversals:4804 android.view.ViewRootImpl.doTraversal:3924 android.view.ViewRootImpl$TraversalRunnable.run:12903 android.view.Choreographer$CallbackRecord.run:1901 
06-19 20:52:22.989 12250 12250 I VRI[PopupWindow:443cf1c]@5fae0fa: Relayout returned: old=(373,857,517,929) new=(389,919,533,991) relayoutAsync=true req=(144,72)0 dur=0 res=0x0 s={true 0x722b106180} ch=false seqId=0
06-19 20:52:22.990 12250 12250 I VRI[PopupWindow:443cf1c]@5fae0fa: registerCallbackForPendingTransactions
06-19 20:52:23.002 12250 12312 I VRI[PopupWindow:443cf1c]@5fae0fa: mWNT: t=0x731b076650 mBlastBufferQueue=0x723b1b2720 fn= 15 HdrRenderState mRenderHdrSdrRatio=1.0 caller= android.view.ViewRootImpl$10.onFrameDraw:6536 android.view.ViewRootImpl$4.onFrameDraw:2489 android.view.ThreadedRenderer$1.onFrameDraw:718 
06-19 20:52:23.007 12250 12250 I BLASTBufferQueue_Java: update, w= 144 h= 72 mName = VRI[PopupWindow:443cf1c]@5fae0fa mNativeObject= 0x723b1b2720 sc.mNativeObject= 0x734b0571d0 format= -3 caller= android.view.ViewRootImpl.updateBlastSurfaceIfNeeded:3574 android.view.ViewRootImpl.relayoutWindow:11685 android.view.ViewRootImpl.performTraversals:4804 android.view.ViewRootImpl.doTraversal:3924 android.view.ViewRootImpl$TraversalRunnable.run:12903 android.view.Choreographer$CallbackRecord.run:1901 
06-19 20:52:23.007 12250 12250 I VRI[PopupWindow:443cf1c]@5fae0fa: Relayout returned: old=(389,919,533,991) new=(389,950,533,1022) relayoutAsync=true req=(144,72)0 dur=0 res=0x0 s={true 0x722b106180} ch=false seqId=0
06-19 20:52:23.008 12250 12250 I VRI[PopupWindow:443cf1c]@5fae0fa: registerCallbackForPendingTransactions
06-19 20:52:23.015 12250 12311 I VRI[PopupWindow:443cf1c]@5fae0fa: mWNT: t=0x731b05e8d0 mBlastBufferQueue=0x723b1b2720 fn= 16 HdrRenderState mRenderHdrSdrRatio=1.0 caller= android.view.ViewRootImpl$10.onFrameDraw:6536 android.view.ViewRootImpl$4.onFrameDraw:2489 android.view.ThreadedRenderer$1.onFrameDraw:718 
06-19 20:52:23.021 12250 12250 I BLASTBufferQueue_Java: update, w= 144 h= 72 mName = VRI[PopupWindow:443cf1c]@5fae0fa mNativeObject= 0x723b1b2720 sc.mNativeObject= 0x734b0571d0 format= -3 caller= android.view.ViewRootImpl.updateBlastSurfaceIfNeeded:3574 android.view.ViewRootImpl.relayoutWindow:11685 android.view.ViewRootImpl.performTraversals:4804 android.view.ViewRootImpl.doTraversal:3924 android.view.ViewRootImpl$TraversalRunnable.run:12903 android.view.Choreographer$CallbackRecord.run:1901 
06-19 20:52:23.022 12250 12250 I VRI[PopupWindow:443cf1c]@5fae0fa: Relayout returned: old=(389,950,533,1022) new=(405,981,549,1053) relayoutAsync=true req=(144,72)0 dur=0 res=0x0 s={true 0x722b106180} ch=false seqId=0
06-19 20:52:23.022 12250 12250 I VRI[PopupWindow:443cf1c]@5fae0fa: registerCallbackForPendingTransactions
06-19 20:52:23.030 12250 12312 I VRI[PopupWindow:443cf1c]@5fae0fa: mWNT: t=0x731b07afd0 mBlastBufferQueue=0x723b1b2720 fn= 17 HdrRenderState mRenderHdrSdrRatio=1.0 caller= android.view.ViewRootImpl$10.onFrameDraw:6536 android.view.ViewRootImpl$4.onFrameDraw:2489 android.view.ThreadedRenderer$1.onFrameDraw:718 
06-19 20:52:23.038 12250 12250 I BLASTBufferQueue_Java: update, w= 144 h= 72 mName = VRI[PopupWindow:443cf1c]@5fae0fa mNativeObject= 0x723b1b2720 sc.mNativeObject= 0x734b0571d0 format= -3 caller= android.view.ViewRootImpl.updateBlastSurfaceIfNeeded:3574 android.view.ViewRootImpl.relayoutWindow:11685 android.view.ViewRootImpl.performTraversals:4804 android.view.ViewRootImpl.doTraversal:3924 android.view.ViewRootImpl$TraversalRunnable.run:12903 android.view.Choreographer$CallbackRecord.run:1901 
06-19 20:52:23.038 12250 12250 I VRI[PopupWindow:443cf1c]@5fae0fa: Relayout returned: old=(405,981,549,1053) new=(405,1012,549,1084) relayoutAsync=true req=(144,72)0 dur=0 res=0x0 s={true 0x722b106180} ch=false seqId=0
06-19 20:52:23.039 12250 12250 I VRI[PopupWindow:443cf1c]@5fae0fa: registerCallbackForPendingTransactions
06-19 20:52:23.047 12250 12311 I VRI[PopupWindow:443cf1c]@5fae0fa: mWNT: t=0x731b0b3f90 mBlastBufferQueue=0x723b1b2720 fn= 18 HdrRenderState mRenderHdrSdrRatio=1.0 caller= android.view.ViewRootImpl$10.onFrameDraw:6536 android.view.ViewRootImpl$4.onFrameDraw:2489 android.view.ThreadedRenderer$1.onFrameDraw:718 
06-19 20:52:23.055 12250 12250 I BLASTBufferQueue_Java: update, w= 144 h= 72 mName = VRI[PopupWindow:443cf1c]@5fae0fa mNativeObject= 0x723b1b2720 sc.mNativeObject= 0x734b0571d0 format= -3 caller= android.view.ViewRootImpl.updateBlastSurfaceIfNeeded:3574 android.view.ViewRootImpl.relayoutWindow:11685 android.view.ViewRootImpl.performTraversals:4804 android.view.ViewRootImpl.doTraversal:3924 android.view.ViewRootImpl$TraversalRunnable.run:12903 android.view.Choreographer$CallbackRecord.run:1901 
06-19 20:52:23.055 12250 12250 I VRI[PopupWindow:443cf1c]@5fae0fa: Relayout returned: old=(405,1012,549,1084) new=(421,1074,565,1146) relayoutAsync=true req=(144,72)0 dur=0 res=0x0 s={true 0x722b106180} ch=false seqId=0
06-19 20:52:23.056 12250 12250 I VRI[PopupWindow:443cf1c]@5fae0fa: registerCallbackForPendingTransactions
06-19 20:52:23.065 12250 12312 I VRI[PopupWindow:443cf1c]@5fae0fa: mWNT: t=0x731b0fcb50 mBlastBufferQueue=0x723b1b2720 fn= 19 HdrRenderState mRenderHdrSdrRatio=1.0 caller= android.view.ViewRootImpl$10.onFrameDraw:6536 android.view.ViewRootImpl$4.onFrameDraw:2489 android.view.ThreadedRenderer$1.onFrameDraw:718 
06-19 20:52:23.075 12250 12250 I BLASTBufferQueue_Java: update, w= 144 h= 72 mName = VRI[PopupWindow:443cf1c]@5fae0fa mNativeObject= 0x723b1b2720 sc.mNativeObject= 0x734b0571d0 format= -3 caller= android.view.ViewRootImpl.updateBlastSurfaceIfNeeded:3574 android.view.ViewRootImpl.relayoutWindow:11685 android.view.ViewRootImpl.performTraversals:4804 android.view.ViewRootImpl.doTraversal:3924 android.view.ViewRootImpl$TraversalRunnable.run:12903 android.view.Choreographer$CallbackRecord.run:1901 
06-19 20:52:23.075 12250 12250 I VRI[PopupWindow:443cf1c]@5fae0fa: Relayout returned: old=(421,1074,565,1146) new=(421,1105,565,1177) relayoutAsync=true req=(144,72)0 dur=4 res=0x0 s={true 0x722b106180} ch=false seqId=0
06-19 20:52:23.077 12250 12250 I VRI[PopupWindow:443cf1c]@5fae0fa: registerCallbackForPendingTransactions
06-19 20:52:23.085 12250 12311 I VRI[PopupWindow:443cf1c]@5fae0fa: mWNT: t=0x731b129c50 mBlastBufferQueue=0x723b1b2720 fn= 20 HdrRenderState mRenderHdrSdrRatio=1.0 caller= android.view.ViewRootImpl$10.onFrameDraw:6536 android.view.ViewRootImpl$4.onFrameDraw:2489 android.view.ThreadedRenderer$1.onFrameDraw:718 
06-19 20:52:23.089 12250 12250 I BLASTBufferQueue_Java: update, w= 144 h= 72 mName = VRI[PopupWindow:443cf1c]@5fae0fa mNativeObject= 0x723b1b2720 sc.mNativeObject= 0x734b0571d0 format= -3 caller= android.view.ViewRootImpl.updateBlastSurfaceIfNeeded:3574 android.view.ViewRootImpl.relayoutWindow:11685 android.view.ViewRootImpl.performTraversals:4804 android.view.ViewRootImpl.doTraversal:3924 android.view.ViewRootImpl$TraversalRunnable.run:12903 android.view.Choreographer$CallbackRecord.run:1901 
