06-19 20:52:23.901 12250 12311 I VRI[PopupWindow:443cf1c]@5fae0fa: mWNT: t=0x731b13ee10 mBlastBufferQueue=0x723b1b2720 fn= 47 HdrRenderState mRenderHdrSdrRatio=1.0 caller= android.view.ViewRootImpl$10.onFrameDraw:6536 android.view.ViewRootImpl$4.onFrameDraw:2489 android.view.ThreadedRenderer$1.onFrameDraw:718 
06-19 20:52:24.139 12250 12250 I BLASTBufferQueue_Java: update, w= 144 h= 72 mName = VRI[PopupWindow:443cf1c]@5fae0fa mNativeObject= 0x723b1b2720 sc.mNativeObject= 0x734b0571d0 format= -3 caller= android.view.ViewRootImpl.updateBlastSurfaceIfNeeded:3574 android.view.ViewRootImpl.relayoutWindow:11685 android.view.ViewRootImpl.performTraversals:4804 android.view.ViewRootImpl.doTraversal:3924 android.view.ViewRootImpl$TraversalRunnable.run:12903 android.view.Choreographer$CallbackRecord.run:1901 
06-19 20:52:24.140 12250 12250 I VRI[PopupWindow:443cf1c]@5fae0fa: Relayout returned: old=(485,2128,629,2200) new=(501,2128,645,2200) relayoutAsync=true req=(144,72)0 dur=0 res=0x0 s={true 0x722b106180} ch=false seqId=0
06-19 20:52:24.141 12250 12250 I VRI[PopupWindow:443cf1c]@5fae0fa: registerCallbackForPendingTransactions
06-19 20:52:24.144 12250 12312 I VRI[PopupWindow:443cf1c]@5fae0fa: mWNT: t=0x731b0ee610 mBlastBufferQueue=0x723b1b2720 fn= 48 HdrRenderState mRenderHdrSdrRatio=1.0 caller= android.view.ViewRootImpl$10.onFrameDraw:6536 android.view.ViewRootImpl$4.onFrameDraw:2489 android.view.ThreadedRenderer$1.onFrameDraw:718 
06-19 20:52:24.896 12250 12250 I VRI[PopupWindow:443cf1c]@5fae0fa: ViewPostIme pointer 1
06-19 20:52:24.914 12250 12250 I WindowManager: WindowManagerGlobal#removeView, ty=1002, view=android.widget.PopupWindow$PopupDecorView{5a1e725 V.E...... R....... 0,0-144,72}, caller=android.view.WindowManagerGlobal.removeView:654 android.view.WindowManagerImpl.removeViewImmediate:216 android.widget.PopupWindow.dismissImmediate:2415 
06-19 20:52:24.915 12250 12250 W WindowOnBackDispatcher: sendCancelIfRunning: isInProgress=false callback=android.view.ViewRootImpl$$ExternalSyntheticLambda16@7393fc9
06-19 20:52:24.923 12250 12250 I VRI[PopupWindow:443cf1c]@5fae0fa: dispatchDetachedFromWindow
06-19 20:52:24.932 12250 12250 D InputTransport: Input channel destroyed: '52066d7', fd=167
06-19 20:52:24.979 12250 12250 I VRI[TermuxActivity]@a4a830a: call setFrameRateCategory for touch hint category=no preference, reason=boost timeout, vri=VRI[TermuxActivity]@a4a830a
06-19 20:52:25.203 12250 12250 I WindowManager: WindowManagerGlobal#addView, ty=1005, view=android.widget.PopupWindow$PopupDecorView{65864de V.E...... R.....I. 0,0-0,0}, caller=android.view.WindowManagerImpl.addView:158 android.widget.PopupWindow.invokePopup:1692 android.widget.PopupWindow.showAtLocation:1418 
06-19 20:52:25.205 12250 12250 I ViewRootImpl: dVRR is disabled
06-19 20:52:25.206 12250 12289 D NativeCustomFrequencyManager: [NativeCFMS] BpCustomFrequencyManager::BpCustomFrequencyManager()
06-19 20:52:25.233 12250 12250 D InputTransport: Input channel constructed: 'dde690 ', fd=124
06-19 20:52:25.234 12250 12250 I InsetsController: onStateChanged: host=PopupWindow:92f3715, from=android.view.ViewRootImpl.onInsetsStateChanged:3026, state=InsetsState: {mDisplayFrame=Rect(0, 0 - 1080, 2400), mDisplayCutout=DisplayCutout{insets=Rect(0, 82 - 0, 0) waterfall=Insets{left=0, top=0, right=0, bottom=0} boundingRect={Bounds=[Rect(0, 0 - 0, 0), Rect(509, 0 - 571, 82), Rect(0, 0 - 0, 0), Rect(0, 0 - 0, 0)]} cutoutPathParserInfo={CutoutPathParserInfo{displayWidth=1080 displayHeight=2400 physicalDisplayWidth=1080 physicalDisplayHeight=2400 density={2.8125} cutoutSpec={M 0,0 M 0, 7.111111111111111 a 11.02222222222222,11.02222222222222 0 1,0 0,22.04444444444444 a 11.02222222222222,11.02222222222222 0 1,0 0,-22.04444444444444 Z @dp} rotation={0} scale={1.0} physicalPixelDisplaySizeRatio={1.0}}} sideOverrides={}}, mRoundedCorners=RoundedCorners{[RoundedCorner{position=TopLeft, radius=78, center=Point(78, 78)}, RoundedCorner{position=TopRight, radius=78, center=Point(1002, 78)}, RoundedCorner{position=BottomRight, radius=78, center=Point(1002, 2322)}, RoundedCorner{position=BottomLeft, radius=78, center=Point(78, 2322)}]}  mRoundedCornerFrame=Rect(0, 0 - 1080, 2400), mPrivacyIndicatorBounds=PrivacyIndicatorBounds {static bounds=Rect(948, 0 - 1080, 82) rotation=0}, mDisplayShape=DisplayShape{ spec=-311912193 displayWidth=1080 displayHeight=2400 physicalPixelDisplaySizeRatio=1.0 rotation=0 offsetX=0 offsetY=0 scale=1.0}, mSources= { InsetsSource: {e6380001 mType=navigationBars mFrame=[0,2256][1080,2400] mVisible=true mFlags= mSideHint=BOTTOM mBoundingRects=null}, InsetsSource: {e6380004 mType=systemGestures mFrame=[0,0][0,0] mVisible=true mFlags= mSideHint=NONE mBoundingRects=null}, InsetsSource: {e6380005 mType=mandatorySystemGestures mFrame=[0,2256][1080,2400] mVisible=true mFlags= mSideHint=BOTTOM mBoundingRects=null}, InsetsSource: {e6380006 mType=tappableElement mFrame=[0,2256][1080,2400] mVisible=true mFlags= mSideHint=BOTTOM mBoundingRects=null}, InsetsSource: {e6380024 mType=systemGestures mFrame=[0,0][0,0] mVisible=true mFlags= mSideHint=NONE mBoundingRects=null}, InsetsSource: {27 mType=displayCutout mFrame=[0,0][1080,82] mVisible=true mFlags= mSideHint=TOP mBoundingRects=null}, InsetsSource: {67bb0000 mType=statusBars mFrame=[0,0][1080,82] mVisible=true mFlags= mSideHint=TOP mBoundingRects=null}, InsetsSource: {67bb0005 mType=mandatorySystemGestures mFrame=[0,0][1080,118] mVisible=true mFlags= mSideHint=TOP mBoundingRects=null}, InsetsSource: {67bb0006 mType=tappableElement mFrame=[0,0][1080,82] mVisible=true mFlags= mSideHint=TOP mBoundingRects=null} }
06-19 20:52:25.235 12250 12250 I VRI[PopupWindow:92f3715]@412c6bf: synced displayState. AttachInfo displayState=2
06-19 20:52:25.248 12250 12250 I VRI[PopupWindow:92f3715]@412c6bf: setView = android.widget.PopupWindow$PopupDecorView@65864de IsHRR=false mFlingFrameRateChange=0 TM=true
06-19 20:52:25.249 12250 12289 D HWUI    : HWUI - treat SMPTE_170M as sRGB
06-19 20:52:25.268 12250 12250 W libc    : Access denied finding property "vendor.display.enable_optimal_refresh_rate"
06-19 20:52:25.269 12250 12250 I BLASTBufferQueue_Java: new BLASTBufferQueue, mName= VRI[PopupWindow:92f3715]@412c6bf mNativeObject= 0x723b1dd9d0 caller= android.view.ViewRootImpl.updateBlastSurfaceIfNeeded:3585 android.view.ViewRootImpl.relayoutWindow:11685 android.view.ViewRootImpl.performTraversals:4804 android.view.ViewRootImpl.doTraversal:3924 android.view.ViewRootImpl$TraversalRunnable.run:12903 android.view.Choreographer$CallbackRecord.run:1901 android.view.Choreographer$CallbackRecord.run:1910 android.view.Choreographer.doCallbacks:1367 android.view.Choreographer.doFrame:1292 android.view.Choreographer$FrameDisplayEventReceiver.run:1870 
06-19 20:52:25.269 12250 12250 I BLASTBufferQueue_Java: update, w= 715 h= 192 mName = VRI[PopupWindow:92f3715]@412c6bf mNativeObject= 0x723b1dd9d0 sc.mNativeObject= 0x734b0571d0 format= -2 caller= android.view.ViewRootImpl.updateBlastSurfaceIfNeeded:3590 android.view.ViewRootImpl.relayoutWindow:11685 android.view.ViewRootImpl.performTraversals:4804 android.view.ViewRootImpl.doTraversal:3924 android.view.ViewRootImpl$TraversalRunnable.run:12903 android.view.Choreographer$CallbackRecord.run:1901 
06-19 20:52:25.270 12250 12250 W libc    : Access denied finding property "vendor.display.enable_optimal_refresh_rate"
06-19 20:52:25.270 12250 12250 I VRI[PopupWindow:92f3715]@412c6bf: Relayout returned: old=(0,2057,715,2249) new=(0,2057,715,2249) relayoutAsync=false req=(715,192)0 dur=13 res=0x3 s={true 0x722b1c6030} ch=true seqId=0
06-19 20:52:25.272 12250 12250 D VRI[PopupWindow:92f3715]@412c6bf: mThreadedRenderer.initialize() mSurface={isValid=true 0x722b1c6030} hwInitialized=true
06-19 20:52:25.276 12250 12250 D VRI[PopupWindow:92f3715]@412c6bf: reportNextDraw android.view.ViewRootImpl.performTraversals:5443 android.view.ViewRootImpl.doTraversal:3924 android.view.ViewRootImpl$TraversalRunnable.run:12903 android.view.Choreographer$CallbackRecord.run:1901 android.view.Choreographer$CallbackRecord.run:1910 
06-19 20:52:25.276 12250 12250 D VRI[PopupWindow:92f3715]@412c6bf: Setup new sync=wmsSync-VRI[PopupWindow:92f3715]@412c6bf#0
06-19 20:52:25.276 12250 12250 I VRI[PopupWindow:92f3715]@412c6bf: Creating new active sync group VRI[PopupWindow:92f3715]@412c6bf#1
06-19 20:52:25.277 12250 12250 D VRI[PopupWindow:92f3715]@412c6bf: registerCallbacksForSync syncBuffer=false
06-19 20:52:25.279 12250 12311 D VRI[PopupWindow:92f3715]@412c6bf: Received frameDrawingCallback syncResult=0 frameNum=1.
06-19 20:52:25.280 12250 12311 I VRI[PopupWindow:92f3715]@412c6bf: mWNT: t=0x731b0c8350 mBlastBufferQueue=0x723b1dd9d0 fn= 1 HdrRenderState mRenderHdrSdrRatio=1.0 caller= android.view.ViewRootImpl$12.onFrameDraw:15441 android.view.ThreadedRenderer$1.onFrameDraw:718 <bottom of call stack> 
06-19 20:52:25.280 12250 12311 I VRI[PopupWindow:92f3715]@412c6bf: Setting up sync and frameCommitCallback
06-19 20:52:25.282 12250 12289 I VRI[PopupWindow:92f3715]@412c6bf: Received frameCommittedCallback lastAttemptedDrawFrameNum=1 didProduceBuffer=true
06-19 20:52:25.284 12250 12289 D HWUI    : CFMS:: SetUp Pid : 12250    Tid : 12289
06-19 20:52:25.286 12250 12250 D VRI[PopupWindow:92f3715]@412c6bf: reportDrawFinished seqId=0
06-19 20:52:25.287 12250 12250 I VRI[PopupWindow:92f3715]@412c6bf: handleResized, frames=ClientWindowFrames{frame=[0,2057][715,2249] display=[-100000,-100000][100000,100000] parentFrame=[0,0][0,0] attachedFrame=[0,0][1080,2400]} displayId=0 dragResizing=false compatScale=1.0 frameChanged=false attachedFrameChanged=false configChanged=false displayChanged=false compatScaleChanged=false dragResizingChanged=false
06-19 20:52:25.288 12250 12250 I VRI[PopupWindow:92f3715]@412c6bf: handleResized mSyncSeqId = 0
06-19 20:52:25.288 12250 12250 D VRI[PopupWindow:92f3715]@412c6bf: reportNextDraw android.view.ViewRootImpl.handleResized:2983 android.view.ViewRootImpl.-$$Nest$mhandleResized:0 android.view.ViewRootImpl$W.resized:14082 android.app.servertransaction.WindowStateResizeItem.execute:93 android.app.servertransaction.WindowStateTransactionItem.execute:62 
06-19 20:52:25.288 12250 12250 D VRI[PopupWindow:92f3715]@412c6bf: Setup new sync=wmsSync-VRI[PopupWindow:92f3715]@412c6bf#2
06-19 20:52:25.289 12250 12250 I VRI[PopupWindow:92f3715]@412c6bf: Creating new active sync group VRI[PopupWindow:92f3715]@412c6bf#3
06-19 20:52:25.293 12250 12250 D VRI[PopupWindow:92f3715]@412c6bf: registerCallbacksForSync syncBuffer=false
06-19 20:52:25.295 12250 12312 D VRI[PopupWindow:92f3715]@412c6bf: Received frameDrawingCallback syncResult=0 frameNum=3.
06-19 20:52:25.295 12250 12312 I VRI[PopupWindow:92f3715]@412c6bf: Setting up sync and frameCommitCallback
06-19 20:52:25.297 12250 12289 I VRI[PopupWindow:92f3715]@412c6bf: Received frameCommittedCallback lastAttemptedDrawFrameNum=3 didProduceBuffer=true
06-19 20:52:25.298 12250 12250 D VRI[PopupWindow:92f3715]@412c6bf: reportDrawFinished seqId=0
06-19 20:52:26.102 12250 12250 I VRI[TermuxActivity]@a4a830a: ViewPostIme pointer 0
06-19 20:52:26.104 12250 12250 I GestureDetector: obtain mCurrentDownEvent. id: 519164814 caller: com.termux.view.GestureAndScaleRecognizer.onTouchEvent:92 com.termux.view.TerminalView.onTouchEvent:612 android.view.View.performOnTouchCallback:17234 
06-19 20:52:26.104 12250 12250 I VRI[TermuxActivity]@a4a830a: call setFrameRateCategory for touch hint category=high hint, reason=touch, vri=VRI[TermuxActivity]@a4a830a
06-19 20:52:26.123 12250 12250 I GestureDetector: obtain mCurrentMotionEventRaw. action: 2 id: 964835954
06-19 20:52:26.232 12250 12250 I WindowManager: WindowManagerGlobal#removeView, ty=1005, view=android.widget.PopupWindow$PopupDecorView{65864de V.E...... R......D 0,0-715,192}, caller=android.view.WindowManagerGlobal.removeView:654 android.view.WindowManagerImpl.removeViewImmediate:216 android.widget.PopupWindow.dismissImmediate:2415 
06-19 20:52:26.232 12250 12250 W WindowOnBackDispatcher: sendCancelIfRunning: isInProgress=false callback=android.view.ViewRootImpl$$ExternalSyntheticLambda16@d81f0ea
06-19 20:52:26.236 12250 12250 I VRI[PopupWindow:92f3715]@412c6bf: dispatchDetachedFromWindow
06-19 20:52:26.240 12250 12250 D InputTransport: Input channel destroyed: 'dde690 ', fd=124
06-19 20:52:26.249 12250 12250 I WindowManager: WindowManagerGlobal#addView, ty=1002, view=android.widget.PopupWindow$PopupDecorView{b55c18e V.E...... R.....I. 0,0-0,0}, caller=android.view.WindowManagerImpl.addView:158 android.widget.PopupWindow.invokePopup:1692 android.widget.PopupWindow.showAtLocation:1418 
06-19 20:52:26.250 12250 12250 I ViewRootImpl: dVRR is disabled
06-19 20:52:26.251 12250 12289 D NativeCustomFrequencyManager: [NativeCFMS] BpCustomFrequencyManager::BpCustomFrequencyManager()
06-19 20:52:26.261 12250 12250 D InputTransport: Input channel constructed: '9393cb ', fd=142
06-19 20:52:26.261 12250 12250 I InsetsController: onStateChanged: host=PopupWindow:1985d89, from=android.view.ViewRootImpl.onInsetsStateChanged:3026, state=InsetsState: {mDisplayFrame=Rect(0, 0 - 1080, 2400), mDisplayCutout=DisplayCutout{insets=Rect(0, 82 - 0, 0) waterfall=Insets{left=0, top=0, right=0, bottom=0} boundingRect={Bounds=[Rect(0, 0 - 0, 0), Rect(509, 0 - 571, 82), Rect(0, 0 - 0, 0), Rect(0, 0 - 0, 0)]} cutoutPathParserInfo={CutoutPathParserInfo{displayWidth=1080 displayHeight=2400 physicalDisplayWidth=1080 physicalDisplayHeight=2400 density={2.8125} cutoutSpec={M 0,0 M 0, 7.111111111111111 a 11.02222222222222,11.02222222222222 0 1,0 0,22.04444444444444 a 11.02222222222222,11.02222222222222 0 1,0 0,-22.04444444444444 Z @dp} rotation={0} scale={1.0} physicalPixelDisplaySizeRatio={1.0}}} sideOverrides={}}, mRoundedCorners=RoundedCorners{[RoundedCorner{position=TopLeft, radius=78, center=Point(78, 78)}, RoundedCorner{position=TopRight, radius=78, center=Point(1002, 78)}, RoundedCorner{position=BottomRight, radius=78, center=Point(1002, 2322)}, RoundedCorner{position=BottomLeft, radius=78, center=Point(78, 2322)}]}  mRoundedCornerFrame=Rect(0, 0 - 1080, 2400), mPrivacyIndicatorBounds=PrivacyIndicatorBounds {static bounds=Rect(948, 0 - 1080, 82) rotation=0}, mDisplayShape=DisplayShape{ spec=-311912193 displayWidth=1080 displayHeight=2400 physicalPixelDisplaySizeRatio=1.0 rotation=0 offsetX=0 offsetY=0 scale=1.0}, mSources= { InsetsSource: {e6380001 mType=navigationBars mFrame=[0,2256][1080,2400] mVisible=true mFlags= mSideHint=BOTTOM mBoundingRects=null}, InsetsSource: {e6380004 mType=systemGestures mFrame=[0,0][0,0] mVisible=true mFlags= mSideHint=NONE mBoundingRects=null}, InsetsSource: {e6380005 mType=mandatorySystemGestures mFrame=[0,2256][1080,2400] mVisible=true mFlags= mSideHint=BOTTOM mBoundingRects=null}, InsetsSource: {e6380006 mType=tappableElement mFrame=[0,2256][1080,2400] mVisible=true mFlags= mSideHint=BOTTOM mBoundingRects=null}, InsetsSource: {e6380024 mType=systemGestures mFrame=[0,0][0,0] mVisible=true mFlags= mSideHint=NONE mBoundingRects=null}, InsetsSource: {27 mType=displayCutout mFrame=[0,0][1080,82] mVisible=true mFlags= mSideHint=TOP mBoundingRects=null}, InsetsSource: {67bb0000 mType=statusBars mFrame=[0,0][1080,82] mVisible=true mFlags= mSideHint=TOP mBoundingRects=null}, InsetsSource: {67bb0005 mType=mandatorySystemGestures mFrame=[0,0][1080,118] mVisible=true mFlags= mSideHint=TOP mBoundingRects=null}, InsetsSource: {67bb0006 mType=tappableElement mFrame=[0,0][1080,82] mVisible=true mFlags= mSideHint=TOP mBoundingRects=null} }
06-19 20:52:26.262 12250 12250 I VRI[PopupWindow:1985d89]@650ddaf: synced displayState. AttachInfo displayState=2
06-19 20:52:26.268 12250 12250 I VRI[PopupWindow:1985d89]@650ddaf: setView = android.widget.PopupWindow$PopupDecorView@b55c18e IsHRR=false mFlingFrameRateChange=0 TM=true
06-19 20:52:26.273 12250 12289 D HWUI    : HWUI - treat SMPTE_170M as sRGB
06-19 20:52:26.285 12250 12250 W libc    : Access denied finding property "vendor.display.enable_optimal_refresh_rate"
06-19 20:52:26.285 12250 12250 I BLASTBufferQueue_Java: new BLASTBufferQueue, mName= VRI[PopupWindow:1985d89]@650ddaf mNativeObject= 0x723b1f2b20 caller= android.view.ViewRootImpl.updateBlastSurfaceIfNeeded:3585 android.view.ViewRootImpl.relayoutWindow:11685 android.view.ViewRootImpl.performTraversals:4804 android.view.ViewRootImpl.doTraversal:3924 android.view.ViewRootImpl$TraversalRunnable.run:12903 android.view.Choreographer$CallbackRecord.run:1901 android.view.Choreographer$CallbackRecord.run:1910 android.view.Choreographer.doCallbacks:1367 android.view.Choreographer.doFrame:1292 android.view.Choreographer$FrameDisplayEventReceiver.run:1870 
06-19 20:52:26.286 12250 12250 I BLASTBufferQueue_Java: update, w= 144 h= 72 mName = VRI[PopupWindow:1985d89]@650ddaf mNativeObject= 0x723b1f2b20 sc.mNativeObject= 0x734b058910 format= -3 caller= android.view.ViewRootImpl.updateBlastSurfaceIfNeeded:3590 android.view.ViewRootImpl.relayoutWindow:11685 android.view.ViewRootImpl.performTraversals:4804 android.view.ViewRootImpl.doTraversal:3924 android.view.ViewRootImpl$TraversalRunnable.run:12903 android.view.Choreographer$CallbackRecord.run:1901 
06-19 20:52:26.286 12250 12250 W libc    : Access denied finding property "vendor.display.enable_optimal_refresh_rate"
06-19 20:52:26.286 12250 12250 I VRI[PopupWindow:1985d89]@650ddaf: Relayout returned: old=(501,2004,1581,4404) new=(501,2004,645,2076) relayoutAsync=false req=(144,72)0 dur=7 res=0x3 s={true 0x722b0a2b70} ch=true seqId=0
06-19 20:52:26.288 12250 12250 D VRI[PopupWindow:1985d89]@650ddaf: mThreadedRenderer.initialize() mSurface={isValid=true 0x722b0a2b70} hwInitialized=true
06-19 20:52:26.290 12250 12250 D VRI[PopupWindow:1985d89]@650ddaf: reportNextDraw android.view.ViewRootImpl.performTraversals:5443 android.view.ViewRootImpl.doTraversal:3924 android.view.ViewRootImpl$TraversalRunnable.run:12903 android.view.Choreographer$CallbackRecord.run:1901 android.view.Choreographer$CallbackRecord.run:1910 
06-19 20:52:26.290 12250 12250 D VRI[PopupWindow:1985d89]@650ddaf: Setup new sync=wmsSync-VRI[PopupWindow:1985d89]@650ddaf#4
06-19 20:52:26.290 12250 12250 I VRI[PopupWindow:1985d89]@650ddaf: Creating new active sync group VRI[PopupWindow:1985d89]@650ddaf#5
06-19 20:52:26.291 12250 12250 D VRI[PopupWindow:1985d89]@650ddaf: registerCallbacksForSync syncBuffer=false
06-19 20:52:26.291 12250 12311 D VRI[PopupWindow:1985d89]@650ddaf: Received frameDrawingCallback syncResult=0 frameNum=1.
06-19 20:52:26.292 12250 12311 I VRI[PopupWindow:1985d89]@650ddaf: mWNT: t=0x731b10c590 mBlastBufferQueue=0x723b1f2b20 fn= 1 HdrRenderState mRenderHdrSdrRatio=1.0 caller= android.view.ViewRootImpl$12.onFrameDraw:15441 android.view.ThreadedRenderer$1.onFrameDraw:718 <bottom of call stack> 
06-19 20:52:26.292 12250 12311 I VRI[PopupWindow:1985d89]@650ddaf: Setting up sync and frameCommitCallback
06-19 20:52:26.293 12250 12289 I VRI[PopupWindow:1985d89]@650ddaf: Received frameCommittedCallback lastAttemptedDrawFrameNum=1 didProduceBuffer=true
06-19 20:52:26.294 12250 12289 D HWUI    : CFMS:: SetUp Pid : 12250    Tid : 12289
06-19 20:52:26.294 12250 12250 D VRI[PopupWindow:1985d89]@650ddaf: reportDrawFinished seqId=0
06-19 20:52:26.298 12250 12250 I VRI[PopupWindow:1985d89]@650ddaf: handleResized, frames=ClientWindowFrames{frame=[501,2004][645,2076] display=[-100000,-100000][100000,100000] parentFrame=[0,0][0,0] attachedFrame=[0,0][1080,2400]} displayId=0 dragResizing=false compatScale=1.0 frameChanged=false attachedFrameChanged=false configChanged=false displayChanged=false compatScaleChanged=false dragResizingChanged=false
06-19 20:52:26.298 12250 12250 I VRI[PopupWindow:1985d89]@650ddaf: handleResized mSyncSeqId = 0
06-19 20:52:26.298 12250 12250 D VRI[PopupWindow:1985d89]@650ddaf: reportNextDraw android.view.ViewRootImpl.handleResized:2983 android.view.ViewRootImpl.-$$Nest$mhandleResized:0 android.view.ViewRootImpl$W.resized:14082 android.app.servertransaction.WindowStateResizeItem.execute:93 android.app.servertransaction.WindowStateTransactionItem.execute:62 
06-19 20:52:26.299 12250 12250 I BLASTBufferQueue_Java: update, w= 144 h= 72 mName = VRI[PopupWindow:1985d89]@650ddaf mNativeObject= 0x723b1f2b20 sc.mNativeObject= 0x734b058910 format= -3 caller= android.view.ViewRootImpl.updateBlastSurfaceIfNeeded:3574 android.view.ViewRootImpl.relayoutWindow:11685 android.view.ViewRootImpl.performTraversals:4804 android.view.ViewRootImpl.doTraversal:3924 android.view.ViewRootImpl$TraversalRunnable.run:12903 android.view.Choreographer$CallbackRecord.run:1901 
06-19 20:52:26.300 12250 12250 I VRI[PopupWindow:1985d89]@650ddaf: Relayout returned: old=(501,2004,645,2076) new=(501,1973,645,2045) relayoutAsync=true req=(144,72)0 dur=0 res=0x0 s={true 0x722b0a2b70} ch=false seqId=0
06-19 20:52:26.300 12250 12250 D VRI[PopupWindow:1985d89]@650ddaf: Setup new sync=wmsSync-VRI[PopupWindow:1985d89]@650ddaf#6
06-19 20:52:26.300 12250 12250 I VRI[PopupWindow:1985d89]@650ddaf: Creating new active sync group VRI[PopupWindow:1985d89]@650ddaf#7
06-19 20:52:26.302 12250 12250 D VRI[PopupWindow:1985d89]@650ddaf: registerCallbacksForSync syncBuffer=false
06-19 20:52:26.304 12250 12312 D VRI[PopupWindow:1985d89]@650ddaf: Received frameDrawingCallback syncResult=0 frameNum=2.
06-19 20:52:26.307 12250 12312 I VRI[PopupWindow:1985d89]@650ddaf: mWNT: t=0x731b0f5610 mBlastBufferQueue=0x723b1f2b20 fn= 2 HdrRenderState mRenderHdrSdrRatio=1.0 caller= android.view.ViewRootImpl$12.onFrameDraw:15441 android.view.ThreadedRenderer$1.onFrameDraw:718 <bottom of call stack> 
06-19 20:52:26.307 12250 12312 I VRI[PopupWindow:1985d89]@650ddaf: Setting up sync and frameCommitCallback
06-19 20:52:26.309 12250 12289 I VRI[PopupWindow:1985d89]@650ddaf: Received frameCommittedCallback lastAttemptedDrawFrameNum=2 didProduceBuffer=true
06-19 20:52:26.310 12250 12250 D VRI[PopupWindow:1985d89]@650ddaf: reportDrawFinished seqId=0
06-19 20:52:26.314 12250 12250 I BLASTBufferQueue_Java: update, w= 144 h= 72 mName = VRI[PopupWindow:1985d89]@650ddaf mNativeObject= 0x723b1f2b20 sc.mNativeObject= 0x734b058910 format= -3 caller= android.view.ViewRootImpl.updateBlastSurfaceIfNeeded:3574 android.view.ViewRootImpl.relayoutWindow:11685 android.view.ViewRootImpl.performTraversals:4804 android.view.ViewRootImpl.doTraversal:3924 android.view.ViewRootImpl$TraversalRunnable.run:12903 android.view.Choreographer$CallbackRecord.run:1901 
06-19 20:52:26.315 12250 12250 I VRI[PopupWindow:1985d89]@650ddaf: Relayout returned: old=(501,1973,645,2045) new=(501,1942,645,2014) relayoutAsync=true req=(144,72)0 dur=0 res=0x0 s={true 0x722b0a2b70} ch=false seqId=0
06-19 20:52:26.316 12250 12250 I VRI[PopupWindow:1985d89]@650ddaf: registerCallbackForPendingTransactions
06-19 20:52:26.318 12250 12311 I VRI[PopupWindow:1985d89]@650ddaf: mWNT: t=0x731b0c63d0 mBlastBufferQueue=0x723b1f2b20 fn= 3 HdrRenderState mRenderHdrSdrRatio=1.0 caller= android.view.ViewRootImpl$10.onFrameDraw:6536 android.view.ViewRootImpl$4.onFrameDraw:2489 android.view.ThreadedRenderer$1.onFrameDraw:718 
06-19 20:52:26.322 12250 12250 I BLASTBufferQueue_Java: update, w= 144 h= 72 mName = VRI[PopupWindow:1985d89]@650ddaf mNativeObject= 0x723b1f2b20 sc.mNativeObject= 0x734b058910 format= -3 caller= android.view.ViewRootImpl.updateBlastSurfaceIfNeeded:3574 android.view.ViewRootImpl.relayoutWindow:11685 android.view.ViewRootImpl.performTraversals:4804 android.view.ViewRootImpl.doTraversal:3924 android.view.ViewRootImpl$TraversalRunnable.run:12903 android.view.Choreographer$CallbackRecord.run:1901 
06-19 20:52:26.323 12250 12250 I VRI[PopupWindow:1985d89]@650ddaf: Relayout returned: old=(501,1942,645,2014) new=(501,1911,645,1983) relayoutAsync=true req=(144,72)0 dur=0 res=0x0 s={true 0x722b0a2b70} ch=false seqId=0
06-19 20:52:26.323 12250 12250 I VRI[PopupWindow:1985d89]@650ddaf: registerCallbackForPendingTransactions
06-19 20:52:26.329 12250 12312 I VRI[PopupWindow:1985d89]@650ddaf: mWNT: t=0x731b0cb990 mBlastBufferQueue=0x723b1f2b20 fn= 4 HdrRenderState mRenderHdrSdrRatio=1.0 caller= android.view.ViewRootImpl$10.onFrameDraw:6536 android.view.ViewRootImpl$4.onFrameDraw:2489 android.view.ThreadedRenderer$1.onFrameDraw:718 
06-19 20:52:26.339 12250 12250 I BLASTBufferQueue_Java: update, w= 144 h= 72 mName = VRI[PopupWindow:1985d89]@650ddaf mNativeObject= 0x723b1f2b20 sc.mNativeObject= 0x734b058910 format= -3 caller= android.view.ViewRootImpl.updateBlastSurfaceIfNeeded:3574 android.view.ViewRootImpl.relayoutWindow:11685 android.view.ViewRootImpl.performTraversals:4804 android.view.ViewRootImpl.doTraversal:3924 android.view.ViewRootImpl$TraversalRunnable.run:12903 android.view.Choreographer$CallbackRecord.run:1901 
06-19 20:52:26.339 12250 12250 I VRI[PopupWindow:1985d89]@650ddaf: Relayout returned: old=(501,1911,645,1983) new=(501,1880,645,1952) relayoutAsync=true req=(144,72)0 dur=1 res=0x0 s={true 0x722b0a2b70} ch=false seqId=0
06-19 20:52:26.340 12250 12250 I VRI[PopupWindow:1985d89]@650ddaf: registerCallbackForPendingTransactions
06-19 20:52:26.340 12250 12311 I VRI[PopupWindow:1985d89]@650ddaf: mWNT: t=0x731b101f50 mBlastBufferQueue=0x723b1f2b20 fn= 5 HdrRenderState mRenderHdrSdrRatio=1.0 caller= android.view.ViewRootImpl$10.onFrameDraw:6536 android.view.ViewRootImpl$4.onFrameDraw:2489 android.view.ThreadedRenderer$1.onFrameDraw:718 
06-19 20:52:26.357 12250 12250 I BLASTBufferQueue_Java: update, w= 144 h= 72 mName = VRI[PopupWindow:1985d89]@650ddaf mNativeObject= 0x723b1f2b20 sc.mNativeObject= 0x734b058910 format= -3 caller= android.view.ViewRootImpl.updateBlastSurfaceIfNeeded:3574 android.view.ViewRootImpl.relayoutWindow:11685 android.view.ViewRootImpl.performTraversals:4804 android.view.ViewRootImpl.doTraversal:3924 android.view.ViewRootImpl$TraversalRunnable.run:12903 android.view.Choreographer$CallbackRecord.run:1901 
06-19 20:52:26.358 12250 12250 I VRI[PopupWindow:1985d89]@650ddaf: Relayout returned: old=(501,1880,645,1952) new=(501,1849,645,1921) relayoutAsync=true req=(144,72)0 dur=0 res=0x0 s={true 0x722b0a2b70} ch=false seqId=0
06-19 20:52:26.359 12250 12250 I VRI[PopupWindow:1985d89]@650ddaf: registerCallbackForPendingTransactions
06-19 20:52:26.361 12250 12312 I VRI[PopupWindow:1985d89]@650ddaf: mWNT: t=0x731b0e4a50 mBlastBufferQueue=0x723b1f2b20 fn= 6 HdrRenderState mRenderHdrSdrRatio=1.0 caller= android.view.ViewRootImpl$10.onFrameDraw:6536 android.view.ViewRootImpl$4.onFrameDraw:2489 android.view.ThreadedRenderer$1.onFrameDraw:718 
06-19 20:52:26.373 12250 12250 I BLASTBufferQueue_Java: update, w= 144 h= 72 mName = VRI[PopupWindow:1985d89]@650ddaf mNativeObject= 0x723b1f2b20 sc.mNativeObject= 0x734b058910 format= -3 caller= android.view.ViewRootImpl.updateBlastSurfaceIfNeeded:3574 android.view.ViewRootImpl.relayoutWindow:11685 android.view.ViewRootImpl.performTraversals:4804 android.view.ViewRootImpl.doTraversal:3924 android.view.ViewRootImpl$TraversalRunnable.run:12903 android.view.Choreographer$CallbackRecord.run:1901 
06-19 20:52:26.373 12250 12250 I VRI[PopupWindow:1985d89]@650ddaf: Relayout returned: old=(501,1849,645,1921) new=(501,1818,645,1890) relayoutAsync=true req=(144,72)0 dur=0 res=0x0 s={true 0x722b0a2b70} ch=false seqId=0
06-19 20:52:26.374 12250 12250 I VRI[PopupWindow:1985d89]@650ddaf: registerCallbackForPendingTransactions
06-19 20:52:26.375 12250 12311 I VRI[PopupWindow:1985d89]@650ddaf: mWNT: t=0x731b0dab10 mBlastBufferQueue=0x723b1f2b20 fn= 7 HdrRenderState mRenderHdrSdrRatio=1.0 caller= android.view.ViewRootImpl$10.onFrameDraw:6536 android.view.ViewRootImpl$4.onFrameDraw:2489 android.view.ThreadedRenderer$1.onFrameDraw:718 
06-19 20:52:26.406 12250 12250 I BLASTBufferQueue_Java: update, w= 144 h= 72 mName = VRI[PopupWindow:1985d89]@650ddaf mNativeObject= 0x723b1f2b20 sc.mNativeObject= 0x734b058910 format= -3 caller= android.view.ViewRootImpl.updateBlastSurfaceIfNeeded:3574 android.view.ViewRootImpl.relayoutWindow:11685 android.view.ViewRootImpl.performTraversals:4804 android.view.ViewRootImpl.doTraversal:3924 android.view.ViewRootImpl$TraversalRunnable.run:12903 android.view.Choreographer$CallbackRecord.run:1901 
06-19 20:52:26.406 12250 12250 I VRI[PopupWindow:1985d89]@650ddaf: Relayout returned: old=(501,1818,645,1890) new=(501,1787,645,1859) relayoutAsync=true req=(144,72)0 dur=0 res=0x0 s={true 0x722b0a2b70} ch=false seqId=0
06-19 20:52:26.407 12250 12250 I VRI[PopupWindow:1985d89]@650ddaf: registerCallbackForPendingTransactions
06-19 20:52:26.408 12250 12312 I VRI[PopupWindow:1985d89]@650ddaf: mWNT: t=0x731b100c10 mBlastBufferQueue=0x723b1f2b20 fn= 8 HdrRenderState mRenderHdrSdrRatio=1.0 caller= android.view.ViewRootImpl$10.onFrameDraw:6536 android.view.ViewRootImpl$4.onFrameDraw:2489 android.view.ThreadedRenderer$1.onFrameDraw:718 
06-19 20:52:26.440 12250 12250 I BLASTBufferQueue_Java: update, w= 144 h= 72 mName = VRI[PopupWindow:1985d89]@650ddaf mNativeObject= 0x723b1f2b20 sc.mNativeObject= 0x734b058910 format= -3 caller= android.view.ViewRootImpl.updateBlastSurfaceIfNeeded:3574 android.view.ViewRootImpl.relayoutWindow:11685 android.view.ViewRootImpl.performTraversals:4804 android.view.ViewRootImpl.doTraversal:3924 android.view.ViewRootImpl$TraversalRunnable.run:12903 android.view.Choreographer$CallbackRecord.run:1901 
06-19 20:52:26.440 12250 12250 I VRI[PopupWindow:1985d89]@650ddaf: Relayout returned: old=(501,1787,645,1859) new=(501,1756,645,1828) relayoutAsync=true req=(144,72)0 dur=0 res=0x0 s={true 0x722b0a2b70} ch=false seqId=0
06-19 20:52:26.442 12250 12250 I VRI[PopupWindow:1985d89]@650ddaf: registerCallbackForPendingTransactions
06-19 20:52:26.447 12250 12311 I VRI[PopupWindow:1985d89]@650ddaf: mWNT: t=0x731b0f9890 mBlastBufferQueue=0x723b1f2b20 fn= 9 HdrRenderState mRenderHdrSdrRatio=1.0 caller= android.view.ViewRootImpl$10.onFrameDraw:6536 android.view.ViewRootImpl$4.onFrameDraw:2489 android.view.ThreadedRenderer$1.onFrameDraw:718 
06-19 20:52:26.456 12250 12250 I BLASTBufferQueue_Java: update, w= 144 h= 72 mName = VRI[PopupWindow:1985d89]@650ddaf mNativeObject= 0x723b1f2b20 sc.mNativeObject= 0x734b058910 format= -3 caller= android.view.ViewRootImpl.updateBlastSurfaceIfNeeded:3574 android.view.ViewRootImpl.relayoutWindow:11685 android.view.ViewRootImpl.performTraversals:4804 android.view.ViewRootImpl.doTraversal:3924 android.view.ViewRootImpl$TraversalRunnable.run:12903 android.view.Choreographer$CallbackRecord.run:1901 
06-19 20:52:26.456 12250 12250 I VRI[PopupWindow:1985d89]@650ddaf: Relayout returned: old=(501,1756,645,1828) new=(501,1725,645,1797) relayoutAsync=true req=(144,72)0 dur=0 res=0x0 s={true 0x722b0a2b70} ch=false seqId=0
06-19 20:52:26.457 12250 12250 I VRI[PopupWindow:1985d89]@650ddaf: registerCallbackForPendingTransactions
06-19 20:52:26.459 12250 12312 I VRI[PopupWindow:1985d89]@650ddaf: mWNT: t=0x731b0def50 mBlastBufferQueue=0x723b1f2b20 fn= 10 HdrRenderState mRenderHdrSdrRatio=1.0 caller= android.view.ViewRootImpl$10.onFrameDraw:6536 android.view.ViewRootImpl$4.onFrameDraw:2489 android.view.ThreadedRenderer$1.onFrameDraw:718 
06-19 20:52:26.510 12250 12250 I BLASTBufferQueue_Java: update, w= 144 h= 72 mName = VRI[PopupWindow:1985d89]@650ddaf mNativeObject= 0x723b1f2b20 sc.mNativeObject= 0x734b058910 format= -3 caller= android.view.ViewRootImpl.updateBlastSurfaceIfNeeded:3574 android.view.ViewRootImpl.relayoutWindow:11685 android.view.ViewRootImpl.performTraversals:4804 android.view.ViewRootImpl.doTraversal:3924 android.view.ViewRootImpl$TraversalRunnable.run:12903 android.view.Choreographer$CallbackRecord.run:1901 
06-19 20:52:26.510 12250 12250 I VRI[PopupWindow:1985d89]@650ddaf: Relayout returned: old=(501,1725,645,1797) new=(501,1694,645,1766) relayoutAsync=true req=(144,72)0 dur=3 res=0x0 s={true 0x722b0a2b70} ch=false seqId=0
06-19 20:52:26.511 12250 12250 I VRI[PopupWindow:1985d89]@650ddaf: registerCallbackForPendingTransactions
06-19 20:52:26.513 12250 12311 I VRI[PopupWindow:1985d89]@650ddaf: mWNT: t=0x731b104410 mBlastBufferQueue=0x723b1f2b20 fn= 11 HdrRenderState mRenderHdrSdrRatio=1.0 caller= android.view.ViewRootImpl$10.onFrameDraw:6536 android.view.ViewRootImpl$4.onFrameDraw:2489 android.view.ThreadedRenderer$1.onFrameDraw:718 
06-19 20:52:26.574 12250 12250 I BLASTBufferQueue_Java: update, w= 144 h= 72 mName = VRI[PopupWindow:1985d89]@650ddaf mNativeObject= 0x723b1f2b20 sc.mNativeObject= 0x734b058910 format= -3 caller= android.view.ViewRootImpl.updateBlastSurfaceIfNeeded:3574 android.view.ViewRootImpl.relayoutWindow:11685 android.view.ViewRootImpl.performTraversals:4804 android.view.ViewRootImpl.doTraversal:3924 android.view.ViewRootImpl$TraversalRunnable.run:12903 android.view.Choreographer$CallbackRecord.run:1901 
06-19 20:52:26.574 12250 12250 I VRI[PopupWindow:1985d89]@650ddaf: Relayout returned: old=(501,1694,645,1766) new=(501,1663,645,1735) relayoutAsync=true req=(144,72)0 dur=1 res=0x0 s={true 0x722b0a2b70} ch=false seqId=0
06-19 20:52:26.576 12250 12250 I VRI[PopupWindow:1985d89]@650ddaf: registerCallbackForPendingTransactions
06-19 20:52:26.578 12250 12312 I VRI[PopupWindow:1985d89]@650ddaf: mWNT: t=0x731b081710 mBlastBufferQueue=0x723b1f2b20 fn= 12 HdrRenderState mRenderHdrSdrRatio=1.0 caller= android.view.ViewRootImpl$10.onFrameDraw:6536 android.view.ViewRootImpl$4.onFrameDraw:2489 android.view.ThreadedRenderer$1.onFrameDraw:718 
06-19 20:52:26.637 12250 12250 I VRI[TermuxActivity]@a4a830a: ViewPostIme pointer 1
06-19 20:52:26.639 12250 12250 I BLASTBufferQueue_Java: update, w= 144 h= 72 mName = VRI[PopupWindow:1985d89]@650ddaf mNativeObject= 0x723b1f2b20 sc.mNativeObject= 0x734b058910 format= -3 caller= android.view.ViewRootImpl.updateBlastSurfaceIfNeeded:3574 android.view.ViewRootImpl.relayoutWindow:11685 android.view.ViewRootImpl.performTraversals:4804 android.view.ViewRootImpl.doTraversal:3924 android.view.ViewRootImpl$TraversalRunnable.run:12903 android.view.Choreographer$CallbackRecord.run:1901 
06-19 20:52:26.640 12250 12250 I VRI[PopupWindow:1985d89]@650ddaf: Relayout returned: old=(501,1663,645,1735) new=(501,1632,645,1704) relayoutAsync=true req=(144,72)0 dur=0 res=0x0 s={true 0x722b0a2b70} ch=false seqId=0
06-19 20:52:26.641 12250 12250 I VRI[PopupWindow:1985d89]@650ddaf: registerCallbackForPendingTransactions
06-19 20:52:26.643 12250 12311 I VRI[PopupWindow:1985d89]@650ddaf: mWNT: t=0x731b089dd0 mBlastBufferQueue=0x723b1f2b20 fn= 13 HdrRenderState mRenderHdrSdrRatio=1.0 caller= android.view.ViewRootImpl$10.onFrameDraw:6536 android.view.ViewRootImpl$4.onFrameDraw:2489 android.view.ThreadedRenderer$1.onFrameDraw:718 
06-19 20:52:26.943 12250 12250 I WindowManager: WindowManagerGlobal#addView, ty=1005, view=android.widget.PopupWindow$PopupDecorView{142fdc0 V.E...... R.....I. 0,0-0,0}, caller=android.view.WindowManagerImpl.addView:158 android.widget.PopupWindow.invokePopup:1692 android.widget.PopupWindow.showAtLocation:1418 
06-19 20:52:26.945 12250 12250 I ViewRootImpl: dVRR is disabled
06-19 20:52:26.946 12250 12289 D NativeCustomFrequencyManager: [NativeCFMS] BpCustomFrequencyManager::BpCustomFrequencyManager()
06-19 20:52:26.970 12250 12250 D InputTransport: Input channel constructed: 'e10e654', fd=138
06-19 20:52:26.972 12250 12250 I InsetsController: onStateChanged: host=PopupWindow:92f3715, from=android.view.ViewRootImpl.onInsetsStateChanged:3026, state=InsetsState: {mDisplayFrame=Rect(0, 0 - 1080, 2400), mDisplayCutout=DisplayCutout{insets=Rect(0, 82 - 0, 0) waterfall=Insets{left=0, top=0, right=0, bottom=0} boundingRect={Bounds=[Rect(0, 0 - 0, 0), Rect(509, 0 - 571, 82), Rect(0, 0 - 0, 0), Rect(0, 0 - 0, 0)]} cutoutPathParserInfo={CutoutPathParserInfo{displayWidth=1080 displayHeight=2400 physicalDisplayWidth=1080 physicalDisplayHeight=2400 density={2.8125} cutoutSpec={M 0,0 M 0, 7.111111111111111 a 11.02222222222222,11.02222222222222 0 1,0 0,22.04444444444444 a 11.02222222222222,11.02222222222222 0 1,0 0,-22.04444444444444 Z @dp} rotation={0} scale={1.0} physicalPixelDisplaySizeRatio={1.0}}} sideOverrides={}}, mRoundedCorners=RoundedCorners{[RoundedCorner{position=TopLeft, radius=78, center=Point(78, 78)}, RoundedCorner{position=TopRight, radius=78, center=Point(1002, 78)}, RoundedCorner{position=BottomRight, radius=78, center=Point(1002, 2322)}, RoundedCorner{position=BottomLeft, radius=78, center=Point(78, 2322)}]}  mRoundedCornerFrame=Rect(0, 0 - 1080, 2400), mPrivacyIndicatorBounds=PrivacyIndicatorBounds {static bounds=Rect(948, 0 - 1080, 82) rotation=0}, mDisplayShape=DisplayShape{ spec=-311912193 displayWidth=1080 displayHeight=2400 physicalPixelDisplaySizeRatio=1.0 rotation=0 offsetX=0 offsetY=0 scale=1.0}, mSources= { InsetsSource: {e6380001 mType=navigationBars mFrame=[0,2256][1080,2400] mVisible=true mFlags= mSideHint=BOTTOM mBoundingRects=null}, InsetsSource: {e6380004 mType=systemGestures mFrame=[0,0][0,0] mVisible=true mFlags= mSideHint=NONE mBoundingRects=null}, InsetsSource: {e6380005 mType=mandatorySystemGestures mFrame=[0,2256][1080,2400] mVisible=true mFlags= mSideHint=BOTTOM mBoundingRects=null}, InsetsSource: {e6380006 mType=tappableElement mFrame=[0,2256][1080,2400] mVisible=true mFlags= mSideHint=BOTTOM mBoundingRects=null}, InsetsSource: {e6380024 mType=systemGestures mFrame=[0,0][0,0] mVisible=true mFlags= mSideHint=NONE mBoundingRects=null}, InsetsSource: {27 mType=displayCutout mFrame=[0,0][1080,82] mVisible=true mFlags= mSideHint=TOP mBoundingRects=null}, InsetsSource: {67bb0000 mType=statusBars mFrame=[0,0][1080,82] mVisible=true mFlags= mSideHint=TOP mBoundingRects=null}, InsetsSource: {67bb0005 mType=mandatorySystemGestures mFrame=[0,0][1080,118] mVisible=true mFlags= mSideHint=TOP mBoundingRects=null}, InsetsSource: {67bb0006 mType=tappableElement mFrame=[0,0][1080,82] mVisible=true mFlags= mSideHint=TOP mBoundingRects=null} }
06-19 20:52:26.973 12250 12250 I VRI[PopupWindow:92f3715]@556baf9: synced displayState. AttachInfo displayState=2
06-19 20:52:26.991 12250 12250 I VRI[PopupWindow:92f3715]@556baf9: setView = android.widget.PopupWindow$PopupDecorView@142fdc0 IsHRR=false mFlingFrameRateChange=0 TM=true
06-19 20:52:26.992 12250 12289 D HWUI    : HWUI - treat SMPTE_170M as sRGB
06-19 20:52:27.013 12250 12250 W libc    : Access denied finding property "vendor.display.enable_optimal_refresh_rate"
06-19 20:52:27.014 12250 12250 I BLASTBufferQueue_Java: new BLASTBufferQueue, mName= VRI[PopupWindow:92f3715]@556baf9 mNativeObject= 0x723b170300 caller= android.view.ViewRootImpl.updateBlastSurfaceIfNeeded:3585 android.view.ViewRootImpl.relayoutWindow:11685 android.view.ViewRootImpl.performTraversals:4804 android.view.ViewRootImpl.doTraversal:3924 android.view.ViewRootImpl$TraversalRunnable.run:12903 android.view.Choreographer$CallbackRecord.run:1901 android.view.Choreographer$CallbackRecord.run:1910 android.view.Choreographer.doCallbacks:1367 android.view.Choreographer.doFrame:1292 android.view.Choreographer$FrameDisplayEventReceiver.run:1870 
06-19 20:52:27.015 12250 12250 I BLASTBufferQueue_Java: update, w= 715 h= 192 mName = VRI[PopupWindow:92f3715]@556baf9 mNativeObject= 0x723b170300 sc.mNativeObject= 0x734b047e10 format= -2 caller= android.view.ViewRootImpl.updateBlastSurfaceIfNeeded:3590 android.view.ViewRootImpl.relayoutWindow:11685 android.view.ViewRootImpl.performTraversals:4804 android.view.ViewRootImpl.doTraversal:3924 android.view.ViewRootImpl$TraversalRunnable.run:12903 android.view.Choreographer$CallbackRecord.run:1901 
06-19 20:52:27.016 12250 12250 W libc    : Access denied finding property "vendor.display.enable_optimal_refresh_rate"
06-19 20:52:27.016 12250 12250 I VRI[PopupWindow:92f3715]@556baf9: Relayout returned: old=(0,1734,715,1926) new=(0,1734,715,1926) relayoutAsync=false req=(715,192)0 dur=16 res=0x3 s={true 0x722b19efc0} ch=true seqId=0
06-19 20:52:27.018 12250 12250 D VRI[PopupWindow:92f3715]@556baf9: mThreadedRenderer.initialize() mSurface={isValid=true 0x722b19efc0} hwInitialized=true
06-19 20:52:27.021 12250 12250 D VRI[PopupWindow:92f3715]@556baf9: reportNextDraw android.view.ViewRootImpl.performTraversals:5443 android.view.ViewRootImpl.doTraversal:3924 android.view.ViewRootImpl$TraversalRunnable.run:12903 android.view.Choreographer$CallbackRecord.run:1901 android.view.Choreographer$CallbackRecord.run:1910 
06-19 20:52:27.021 12250 12250 D VRI[PopupWindow:92f3715]@556baf9: Setup new sync=wmsSync-VRI[PopupWindow:92f3715]@556baf9#8
06-19 20:52:27.021 12250 12250 I VRI[PopupWindow:92f3715]@556baf9: Creating new active sync group VRI[PopupWindow:92f3715]@556baf9#9
06-19 20:52:27.023 12250 12250 D VRI[PopupWindow:92f3715]@556baf9: registerCallbacksForSync syncBuffer=false
06-19 20:52:27.026 12250 12312 D VRI[PopupWindow:92f3715]@556baf9: Received frameDrawingCallback syncResult=0 frameNum=1.
06-19 20:52:27.027 12250 12312 I VRI[PopupWindow:92f3715]@556baf9: mWNT: t=0x731b093d10 mBlastBufferQueue=0x723b170300 fn= 1 HdrRenderState mRenderHdrSdrRatio=1.0 caller= android.view.ViewRootImpl$12.onFrameDraw:15441 android.view.ThreadedRenderer$1.onFrameDraw:718 <bottom of call stack> 
06-19 20:52:27.027 12250 12312 I VRI[PopupWindow:92f3715]@556baf9: Setting up sync and frameCommitCallback
06-19 20:52:27.031 12250 12289 I VRI[PopupWindow:92f3715]@556baf9: Received frameCommittedCallback lastAttemptedDrawFrameNum=1 didProduceBuffer=true
06-19 20:52:27.033 12250 12289 D HWUI    : CFMS:: SetUp Pid : 12250    Tid : 12289
06-19 20:52:27.033 12250 12250 D VRI[PopupWindow:92f3715]@556baf9: reportDrawFinished seqId=0
06-19 20:52:27.034 12250 12250 I VRI[PopupWindow:92f3715]@556baf9: handleResized, frames=ClientWindowFrames{frame=[0,1734][715,1926] display=[-100000,-100000][100000,100000] parentFrame=[0,0][0,0] attachedFrame=[0,0][1080,2400]} displayId=0 dragResizing=false compatScale=1.0 frameChanged=false attachedFrameChanged=false configChanged=false displayChanged=false compatScaleChanged=false dragResizingChanged=false
06-19 20:52:27.034 12250 12250 I VRI[PopupWindow:92f3715]@556baf9: handleResized mSyncSeqId = 0
06-19 20:52:27.035 12250 12250 D VRI[PopupWindow:92f3715]@556baf9: reportNextDraw android.view.ViewRootImpl.handleResized:2983 android.view.ViewRootImpl.-$$Nest$mhandleResized:0 android.view.ViewRootImpl$W.resized:14082 android.app.servertransaction.WindowStateResizeItem.execute:93 android.app.servertransaction.WindowStateTransactionItem.execute:62 
06-19 20:52:27.039 12250 12250 D VRI[PopupWindow:92f3715]@556baf9: Setup new sync=wmsSync-VRI[PopupWindow:92f3715]@556baf9#10
06-19 20:52:27.039 12250 12250 I VRI[PopupWindow:92f3715]@556baf9: Creating new active sync group VRI[PopupWindow:92f3715]@556baf9#11
06-19 20:52:27.039 12250 12250 D VRI[PopupWindow:92f3715]@556baf9: registerCallbacksForSync syncBuffer=false
06-19 20:52:27.040 12250 12311 D VRI[PopupWindow:92f3715]@556baf9: Received frameDrawingCallback syncResult=0 frameNum=3.
06-19 20:52:27.040 12250 12311 I VRI[PopupWindow:92f3715]@556baf9: Setting up sync and frameCommitCallback
06-19 20:52:27.042 12250 12289 I VRI[PopupWindow:92f3715]@556baf9: Received frameCommittedCallback lastAttemptedDrawFrameNum=3 didProduceBuffer=true
06-19 20:52:27.042 12250 12250 D VRI[PopupWindow:92f3715]@556baf9: reportDrawFinished seqId=0
06-19 20:52:27.152 12250 12250 I VRI[PopupWindow:1985d89]@650ddaf: ViewPostIme pointer 0
06-19 20:52:27.152 12250 12250 I VRI[PopupWindow:1985d89]@650ddaf: call setFrameRateCategory for touch hint category=high hint, reason=touch, vri=VRI[PopupWindow:1985d89]@650ddaf
06-19 20:52:27.175 12250 12250 I BLASTBufferQueue_Java: update, w= 144 h= 72 mName = VRI[PopupWindow:1985d89]@650ddaf mNativeObject= 0x723b1f2b20 sc.mNativeObject= 0x734b058910 format= -3 caller= android.view.ViewRootImpl.updateBlastSurfaceIfNeeded:3574 android.view.ViewRootImpl.relayoutWindow:11685 android.view.ViewRootImpl.performTraversals:4804 android.view.ViewRootImpl.doTraversal:3924 android.view.ViewRootImpl$TraversalRunnable.run:12903 android.view.Choreographer$CallbackRecord.run:1901 
06-19 20:52:27.175 12250 12250 I VRI[PopupWindow:1985d89]@650ddaf: Relayout returned: old=(501,1632,645,1704) new=(517,1601,661,1673) relayoutAsync=true req=(144,72)0 dur=0 res=0x0 s={true 0x722b0a2b70} ch=false seqId=0
06-19 20:52:27.178 12250 12250 I VRI[PopupWindow:1985d89]@650ddaf: registerCallbackForPendingTransactions
06-19 20:52:27.179 12250 12312 I VRI[PopupWindow:1985d89]@650ddaf: mWNT: t=0x731b10b790 mBlastBufferQueue=0x723b1f2b20 fn= 14 HdrRenderState mRenderHdrSdrRatio=1.0 caller= android.view.ViewRootImpl$10.onFrameDraw:6536 android.view.ViewRootImpl$4.onFrameDraw:2489 android.view.ThreadedRenderer$1.onFrameDraw:718 
06-19 20:52:27.240 12250 12250 I BLASTBufferQueue_Java: update, w= 144 h= 72 mName = VRI[PopupWindow:1985d89]@650ddaf mNativeObject= 0x723b1f2b20 sc.mNativeObject= 0x734b058910 format= -3 caller= android.view.ViewRootImpl.updateBlastSurfaceIfNeeded:3574 android.view.ViewRootImpl.relayoutWindow:11685 android.view.ViewRootImpl.performTraversals:4804 android.view.ViewRootImpl.doTraversal:3924 android.view.ViewRootImpl$TraversalRunnable.run:12903 android.view.Choreographer$CallbackRecord.run:1901 
06-19 20:52:27.240 12250 12250 I VRI[PopupWindow:1985d89]@650ddaf: Relayout returned: old=(517,1601,661,1673) new=(533,1632,677,1704) relayoutAsync=true req=(144,72)0 dur=1 res=0x0 s={true 0x722b0a2b70} ch=false seqId=0
06-19 20:52:27.241 12250 12250 I VRI[PopupWindow:1985d89]@650ddaf: registerCallbackForPendingTransactions
06-19 20:52:27.243 12250 12311 I VRI[PopupWindow:1985d89]@650ddaf: mWNT: t=0x731b0a2cd0 mBlastBufferQueue=0x723b1f2b20 fn= 15 HdrRenderState mRenderHdrSdrRatio=1.0 caller= android.view.ViewRootImpl$10.onFrameDraw:6536 android.view.ViewRootImpl$4.onFrameDraw:2489 android.view.ThreadedRenderer$1.onFrameDraw:718 
06-19 20:52:27.257 12250 12250 I WindowManager: WindowManagerGlobal#removeView, ty=1005, view=android.widget.PopupWindow$PopupDecorView{142fdc0 V.E...... R......D 0,0-715,192}, caller=android.view.WindowManagerGlobal.removeView:654 android.view.WindowManagerImpl.removeViewImmediate:216 android.widget.PopupWindow.dismissImmediate:2415 
06-19 20:52:27.257 12250 12250 W WindowOnBackDispatcher: sendCancelIfRunning: isInProgress=false callback=android.view.ViewRootImpl$$ExternalSyntheticLambda16@a3a35ec
06-19 20:52:27.259 12250 12250 I VRI[PopupWindow:92f3715]@556baf9: dispatchDetachedFromWindow
06-19 20:52:27.265 12250 12250 D InputTransport: Input channel destroyed: 'e10e654', fd=138
06-19 20:52:27.268 12250 12250 I BLASTBufferQueue_Java: update, w= 144 h= 72 mName = VRI[PopupWindow:1985d89]@650ddaf mNativeObject= 0x723b1f2b20 sc.mNativeObject= 0x734b058910 format= -3 caller= android.view.ViewRootImpl.updateBlastSurfaceIfNeeded:3574 android.view.ViewRootImpl.relayoutWindow:11685 android.view.ViewRootImpl.performTraversals:4804 android.view.ViewRootImpl.doTraversal:3924 android.view.ViewRootImpl$TraversalRunnable.run:12903 android.view.Choreographer$CallbackRecord.run:1901 
06-19 20:52:27.268 12250 12250 I VRI[PopupWindow:1985d89]@650ddaf: Relayout returned: old=(533,1632,677,1704) new=(565,1632,709,1704) relayoutAsync=true req=(144,72)0 dur=3 res=0x0 s={true 0x722b0a2b70} ch=false seqId=0
06-19 20:52:27.269 12250 12250 I VRI[PopupWindow:1985d89]@650ddaf: registerCallbackForPendingTransactions
06-19 20:52:27.269 12250 12312 I VRI[PopupWindow:1985d89]@650ddaf: mWNT: t=0x731b0db210 mBlastBufferQueue=0x723b1f2b20 fn= 16 HdrRenderState mRenderHdrSdrRatio=1.0 caller= android.view.ViewRootImpl$10.onFrameDraw:6536 android.view.ViewRootImpl$4.onFrameDraw:2489 android.view.ThreadedRenderer$1.onFrameDraw:718 
06-19 20:52:27.275 12250 12250 I BLASTBufferQueue_Java: update, w= 144 h= 72 mName = VRI[PopupWindow:1985d89]@650ddaf mNativeObject= 0x723b1f2b20 sc.mNativeObject= 0x734b058910 format= -3 caller= android.view.ViewRootImpl.updateBlastSurfaceIfNeeded:3574 android.view.ViewRootImpl.relayoutWindow:11685 android.view.ViewRootImpl.performTraversals:4804 android.view.ViewRootImpl.doTraversal:3924 android.view.ViewRootImpl$TraversalRunnable.run:12903 android.view.Choreographer$CallbackRecord.run:1901 
06-19 20:52:27.275 12250 12250 I VRI[PopupWindow:1985d89]@650ddaf: Relayout returned: old=(565,1632,709,1704) new=(613,1632,757,1704) relayoutAsync=true req=(144,72)0 dur=1 res=0x0 s={true 0x722b0a2b70} ch=false seqId=0
06-19 20:52:27.276 12250 12250 I VRI[PopupWindow:1985d89]@650ddaf: registerCallbackForPendingTransactions
06-19 20:52:27.281 12250 12311 I VRI[PopupWindow:1985d89]@650ddaf: mWNT: t=0x731b0c9150 mBlastBufferQueue=0x723b1f2b20 fn= 17 HdrRenderState mRenderHdrSdrRatio=1.0 caller= android.view.ViewRootImpl$10.onFrameDraw:6536 android.view.ViewRootImpl$4.onFrameDraw:2489 android.view.ThreadedRenderer$1.onFrameDraw:718 
06-19 20:52:27.289 12250 12250 I BLASTBufferQueue_Java: update, w= 144 h= 72 mName = VRI[PopupWindow:1985d89]@650ddaf mNativeObject= 0x723b1f2b20 sc.mNativeObject= 0x734b058910 format= -3 caller= android.view.ViewRootImpl.updateBlastSurfaceIfNeeded:3574 android.view.ViewRootImpl.relayoutWindow:11685 android.view.ViewRootImpl.performTraversals:4804 android.view.ViewRootImpl.doTraversal:3924 android.view.ViewRootImpl$TraversalRunnable.run:12903 android.view.Choreographer$CallbackRecord.run:1901 
06-19 20:52:27.290 12250 12250 I VRI[PopupWindow:1985d89]@650ddaf: Relayout returned: old=(613,1632,757,1704) new=(645,1632,789,1704) relayoutAsync=true req=(144,72)0 dur=0 res=0x0 s={true 0x722b0a2b70} ch=false seqId=0
06-19 20:52:27.290 12250 12250 I VRI[PopupWindow:1985d89]@650ddaf: registerCallbackForPendingTransactions
06-19 20:52:27.293 12250 12312 I VRI[PopupWindow:1985d89]@650ddaf: mWNT: t=0x731b0c8a50 mBlastBufferQueue=0x723b1f2b20 fn= 18 HdrRenderState mRenderHdrSdrRatio=1.0 caller= android.view.ViewRootImpl$10.onFrameDraw:6536 android.view.ViewRootImpl$4.onFrameDraw:2489 android.view.ThreadedRenderer$1.onFrameDraw:718 
