06-19 20:52:32.642 12250 12250 I BLASTBufferQueue_Java: update, w= 144 h= 72 mName = VRI[PopupWindow:1985d89]@650ddaf mNativeObject= 0x723b1f2b20 sc.mNativeObject= 0x734b058910 format= -3 caller= android.view.ViewRootImpl.updateBlastSurfaceIfNeeded:3574 android.view.ViewRootImpl.relayoutWindow:11685 android.view.ViewRootImpl.performTraversals:4804 android.view.ViewRootImpl.doTraversal:3924 android.view.ViewRootImpl$TraversalRunnable.run:12903 android.view.Choreographer$CallbackRecord.run:1901 
06-19 20:52:32.642 12250 12250 I VRI[PopupWindow:1985d89]@650ddaf: Relayout returned: old=(261,2066,405,2138) new=(261,2035,405,2107) relayoutAsync=true req=(144,72)0 dur=1 res=0x0 s={true 0x722b0a2b70} ch=false seqId=0
06-19 20:52:32.643 12250 12250 I VRI[PopupWindow:1985d89]@650ddaf: registerCallbackForPendingTransactions
06-19 20:52:32.645 12250 12312 I VRI[PopupWindow:1985d89]@650ddaf: mWNT: t=0x731b070d10 mBlastBufferQueue=0x723b1f2b20 fn= 151 HdrRenderState mRenderHdrSdrRatio=1.0 caller= android.view.ViewRootImpl$10.onFrameDraw:6536 android.view.ViewRootImpl$4.onFrameDraw:2489 android.view.ThreadedRenderer$1.onFrameDraw:718 
06-19 20:52:32.661 12250 12250 I BLASTBufferQueue_Java: update, w= 144 h= 72 mName = VRI[PopupWindow:1985d89]@650ddaf mNativeObject= 0x723b1f2b20 sc.mNativeObject= 0x734b058910 format= -3 caller= android.view.ViewRootImpl.updateBlastSurfaceIfNeeded:3574 android.view.ViewRootImpl.relayoutWindow:11685 android.view.ViewRootImpl.performTraversals:4804 android.view.ViewRootImpl.doTraversal:3924 android.view.ViewRootImpl$TraversalRunnable.run:12903 android.view.Choreographer$CallbackRecord.run:1901 
06-19 20:52:32.661 12250 12250 I VRI[PopupWindow:1985d89]@650ddaf: Relayout returned: old=(261,2035,405,2107) new=(261,2004,405,2076) relayoutAsync=true req=(144,72)0 dur=1 res=0x0 s={true 0x722b0a2b70} ch=false seqId=0
06-19 20:52:32.662 12250 12250 I VRI[PopupWindow:1985d89]@650ddaf: registerCallbackForPendingTransactions
06-19 20:52:32.663 12250 12311 I VRI[PopupWindow:1985d89]@650ddaf: mWNT: t=0x731b0a4010 mBlastBufferQueue=0x723b1f2b20 fn= 152 HdrRenderState mRenderHdrSdrRatio=1.0 caller= android.view.ViewRootImpl$10.onFrameDraw:6536 android.view.ViewRootImpl$4.onFrameDraw:2489 android.view.ThreadedRenderer$1.onFrameDraw:718 
06-19 20:52:33.143 12250 12250 I BLASTBufferQueue_Java: update, w= 144 h= 72 mName = VRI[PopupWindow:1985d89]@650ddaf mNativeObject= 0x723b1f2b20 sc.mNativeObject= 0x734b058910 format= -3 caller= android.view.ViewRootImpl.updateBlastSurfaceIfNeeded:3574 android.view.ViewRootImpl.relayoutWindow:11685 android.view.ViewRootImpl.performTraversals:4804 android.view.ViewRootImpl.doTraversal:3924 android.view.ViewRootImpl$TraversalRunnable.run:12903 android.view.Choreographer$CallbackRecord.run:1901 
06-19 20:52:33.143 12250 12250 I VRI[PopupWindow:1985d89]@650ddaf: Relayout returned: old=(261,2004,405,2076) new=(277,2004,421,2076) relayoutAsync=true req=(144,72)0 dur=1 res=0x0 s={true 0x722b0a2b70} ch=false seqId=0
06-19 20:52:33.145 12250 12250 I VRI[PopupWindow:1985d89]@650ddaf: registerCallbackForPendingTransactions
06-19 20:52:33.146 12250 12312 I VRI[PopupWindow:1985d89]@650ddaf: mWNT: t=0x731b108f50 mBlastBufferQueue=0x723b1f2b20 fn= 153 HdrRenderState mRenderHdrSdrRatio=1.0 caller= android.view.ViewRootImpl$10.onFrameDraw:6536 android.view.ViewRootImpl$4.onFrameDraw:2489 android.view.ThreadedRenderer$1.onFrameDraw:718 
06-19 20:52:33.176 12250 12250 I BLASTBufferQueue_Java: update, w= 144 h= 72 mName = VRI[PopupWindow:1985d89]@650ddaf mNativeObject= 0x723b1f2b20 sc.mNativeObject= 0x734b058910 format= -3 caller= android.view.ViewRootImpl.updateBlastSurfaceIfNeeded:3574 android.view.ViewRootImpl.relayoutWindow:11685 android.view.ViewRootImpl.performTraversals:4804 android.view.ViewRootImpl.doTraversal:3924 android.view.ViewRootImpl$TraversalRunnable.run:12903 android.view.Choreographer$CallbackRecord.run:1901 
06-19 20:52:33.176 12250 12250 I VRI[PopupWindow:1985d89]@650ddaf: Relayout returned: old=(277,2004,421,2076) new=(293,2004,437,2076) relayoutAsync=true req=(144,72)0 dur=0 res=0x0 s={true 0x722b0a2b70} ch=false seqId=0
06-19 20:52:33.177 12250 12250 I VRI[PopupWindow:1985d89]@650ddaf: registerCallbackForPendingTransactions
06-19 20:52:33.181 12250 12311 I VRI[PopupWindow:1985d89]@650ddaf: mWNT: t=0x731b0a8b50 mBlastBufferQueue=0x723b1f2b20 fn= 154 HdrRenderState mRenderHdrSdrRatio=1.0 caller= android.view.ViewRootImpl$10.onFrameDraw:6536 android.view.ViewRootImpl$4.onFrameDraw:2489 android.view.ThreadedRenderer$1.onFrameDraw:718 
06-19 20:52:33.193 12250 12250 I BLASTBufferQueue_Java: update, w= 144 h= 72 mName = VRI[PopupWindow:1985d89]@650ddaf mNativeObject= 0x723b1f2b20 sc.mNativeObject= 0x734b058910 format= -3 caller= android.view.ViewRootImpl.updateBlastSurfaceIfNeeded:3574 android.view.ViewRootImpl.relayoutWindow:11685 android.view.ViewRootImpl.performTraversals:4804 android.view.ViewRootImpl.doTraversal:3924 android.view.ViewRootImpl$TraversalRunnable.run:12903 android.view.Choreographer$CallbackRecord.run:1901 
06-19 20:52:33.194 12250 12250 I VRI[PopupWindow:1985d89]@650ddaf: Relayout returned: old=(293,2004,437,2076) new=(309,2004,453,2076) relayoutAsync=true req=(144,72)0 dur=1 res=0x0 s={true 0x722b0a2b70} ch=false seqId=0
06-19 20:52:33.194 12250 12250 I VRI[PopupWindow:1985d89]@650ddaf: registerCallbackForPendingTransactions
06-19 20:52:33.196 12250 12312 I VRI[PopupWindow:1985d89]@650ddaf: mWNT: t=0x731b0c6910 mBlastBufferQueue=0x723b1f2b20 fn= 155 HdrRenderState mRenderHdrSdrRatio=1.0 caller= android.view.ViewRootImpl$10.onFrameDraw:6536 android.view.ViewRootImpl$4.onFrameDraw:2489 android.view.ThreadedRenderer$1.onFrameDraw:718 
06-19 20:52:33.209 12250 12250 I BLASTBufferQueue_Java: update, w= 144 h= 72 mName = VRI[PopupWindow:1985d89]@650ddaf mNativeObject= 0x723b1f2b20 sc.mNativeObject= 0x734b058910 format= -3 caller= android.view.ViewRootImpl.updateBlastSurfaceIfNeeded:3574 android.view.ViewRootImpl.relayoutWindow:11685 android.view.ViewRootImpl.performTraversals:4804 android.view.ViewRootImpl.doTraversal:3924 android.view.ViewRootImpl$TraversalRunnable.run:12903 android.view.Choreographer$CallbackRecord.run:1901 
06-19 20:52:33.209 12250 12250 I VRI[PopupWindow:1985d89]@650ddaf: Relayout returned: old=(309,2004,453,2076) new=(325,2004,469,2076) relayoutAsync=true req=(144,72)0 dur=0 res=0x0 s={true 0x722b0a2b70} ch=false seqId=0
06-19 20:52:33.211 12250 12250 I VRI[PopupWindow:1985d89]@650ddaf: registerCallbackForPendingTransactions
06-19 20:52:33.211 12250 12311 I VRI[PopupWindow:1985d89]@650ddaf: mWNT: t=0x731b12cd50 mBlastBufferQueue=0x723b1f2b20 fn= 156 HdrRenderState mRenderHdrSdrRatio=1.0 caller= android.view.ViewRootImpl$10.onFrameDraw:6536 android.view.ViewRootImpl$4.onFrameDraw:2489 android.view.ThreadedRenderer$1.onFrameDraw:718 
06-19 20:52:33.226 12250 12250 I BLASTBufferQueue_Java: update, w= 144 h= 72 mName = VRI[PopupWindow:1985d89]@650ddaf mNativeObject= 0x723b1f2b20 sc.mNativeObject= 0x734b058910 format= -3 caller= android.view.ViewRootImpl.updateBlastSurfaceIfNeeded:3574 android.view.ViewRootImpl.relayoutWindow:11685 android.view.ViewRootImpl.performTraversals:4804 android.view.ViewRootImpl.doTraversal:3924 android.view.ViewRootImpl$TraversalRunnable.run:12903 android.view.Choreographer$CallbackRecord.run:1901 
06-19 20:52:33.227 12250 12250 I VRI[PopupWindow:1985d89]@650ddaf: Relayout returned: old=(325,2004,469,2076) new=(341,2004,485,2076) relayoutAsync=true req=(144,72)0 dur=0 res=0x0 s={true 0x722b0a2b70} ch=false seqId=0
06-19 20:52:33.228 12250 12250 I VRI[PopupWindow:1985d89]@650ddaf: registerCallbackForPendingTransactions
06-19 20:52:33.230 12250 12312 I VRI[PopupWindow:1985d89]@650ddaf: mWNT: t=0x731b0a5dd0 mBlastBufferQueue=0x723b1f2b20 fn= 157 HdrRenderState mRenderHdrSdrRatio=1.0 caller= android.view.ViewRootImpl$10.onFrameDraw:6536 android.view.ViewRootImpl$4.onFrameDraw:2489 android.view.ThreadedRenderer$1.onFrameDraw:718 
06-19 20:52:33.243 12250 12250 I BLASTBufferQueue_Java: update, w= 144 h= 72 mName = VRI[PopupWindow:1985d89]@650ddaf mNativeObject= 0x723b1f2b20 sc.mNativeObject= 0x734b058910 format= -3 caller= android.view.ViewRootImpl.updateBlastSurfaceIfNeeded:3574 android.view.ViewRootImpl.relayoutWindow:11685 android.view.ViewRootImpl.performTraversals:4804 android.view.ViewRootImpl.doTraversal:3924 android.view.ViewRootImpl$TraversalRunnable.run:12903 android.view.Choreographer$CallbackRecord.run:1901 
06-19 20:52:33.243 12250 12250 I VRI[PopupWindow:1985d89]@650ddaf: Relayout returned: old=(341,2004,485,2076) new=(373,2004,517,2076) relayoutAsync=true req=(144,72)0 dur=0 res=0x0 s={true 0x722b0a2b70} ch=false seqId=0
06-19 20:52:33.244 12250 12250 I VRI[PopupWindow:1985d89]@650ddaf: registerCallbackForPendingTransactions
06-19 20:52:33.245 12250 12311 I VRI[PopupWindow:1985d89]@650ddaf: mWNT: t=0x731b13ce90 mBlastBufferQueue=0x723b1f2b20 fn= 158 HdrRenderState mRenderHdrSdrRatio=1.0 caller= android.view.ViewRootImpl$10.onFrameDraw:6536 android.view.ViewRootImpl$4.onFrameDraw:2489 android.view.ThreadedRenderer$1.onFrameDraw:718 
06-19 20:52:33.260 12250 12250 I BLASTBufferQueue_Java: update, w= 144 h= 72 mName = VRI[PopupWindow:1985d89]@650ddaf mNativeObject= 0x723b1f2b20 sc.mNativeObject= 0x734b058910 format= -3 caller= android.view.ViewRootImpl.updateBlastSurfaceIfNeeded:3574 android.view.ViewRootImpl.relayoutWindow:11685 android.view.ViewRootImpl.performTraversals:4804 android.view.ViewRootImpl.doTraversal:3924 android.view.ViewRootImpl$TraversalRunnable.run:12903 android.view.Choreographer$CallbackRecord.run:1901 
06-19 20:52:33.260 12250 12250 I VRI[PopupWindow:1985d89]@650ddaf: Relayout returned: old=(373,2004,517,2076) new=(389,2004,533,2076) relayoutAsync=true req=(144,72)0 dur=1 res=0x0 s={true 0x722b0a2b70} ch=false seqId=0
06-19 20:52:33.261 12250 12250 I VRI[PopupWindow:1985d89]@650ddaf: registerCallbackForPendingTransactions
06-19 20:52:33.261 12250 12312 I VRI[PopupWindow:1985d89]@650ddaf: mWNT: t=0x731b0f96d0 mBlastBufferQueue=0x723b1f2b20 fn= 159 HdrRenderState mRenderHdrSdrRatio=1.0 caller= android.view.ViewRootImpl$10.onFrameDraw:6536 android.view.ViewRootImpl$4.onFrameDraw:2489 android.view.ThreadedRenderer$1.onFrameDraw:718 
06-19 20:52:33.275 12250 12250 I BLASTBufferQueue_Java: update, w= 144 h= 72 mName = VRI[PopupWindow:1985d89]@650ddaf mNativeObject= 0x723b1f2b20 sc.mNativeObject= 0x734b058910 format= -3 caller= android.view.ViewRootImpl.updateBlastSurfaceIfNeeded:3574 android.view.ViewRootImpl.relayoutWindow:11685 android.view.ViewRootImpl.performTraversals:4804 android.view.ViewRootImpl.doTraversal:3924 android.view.ViewRootImpl$TraversalRunnable.run:12903 android.view.Choreographer$CallbackRecord.run:1901 
06-19 20:52:33.276 12250 12250 I VRI[PopupWindow:1985d89]@650ddaf: Relayout returned: old=(389,2004,533,2076) new=(405,2004,549,2076) relayoutAsync=true req=(144,72)0 dur=0 res=0x0 s={true 0x722b0a2b70} ch=false seqId=0
06-19 20:52:33.276 12250 12250 I VRI[PopupWindow:1985d89]@650ddaf: registerCallbackForPendingTransactions
06-19 20:52:33.277 12250 12311 I VRI[PopupWindow:1985d89]@650ddaf: mWNT: t=0x731b0ae650 mBlastBufferQueue=0x723b1f2b20 fn= 160 HdrRenderState mRenderHdrSdrRatio=1.0 caller= android.view.ViewRootImpl$10.onFrameDraw:6536 android.view.ViewRootImpl$4.onFrameDraw:2489 android.view.ThreadedRenderer$1.onFrameDraw:718 
06-19 20:52:33.309 12250 12250 I BLASTBufferQueue_Java: update, w= 144 h= 72 mName = VRI[PopupWindow:1985d89]@650ddaf mNativeObject= 0x723b1f2b20 sc.mNativeObject= 0x734b058910 format= -3 caller= android.view.ViewRootImpl.updateBlastSurfaceIfNeeded:3574 android.view.ViewRootImpl.relayoutWindow:11685 android.view.ViewRootImpl.performTraversals:4804 android.view.ViewRootImpl.doTraversal:3924 android.view.ViewRootImpl$TraversalRunnable.run:12903 android.view.Choreographer$CallbackRecord.run:1901 
06-19 20:52:33.310 12250 12250 I VRI[PopupWindow:1985d89]@650ddaf: Relayout returned: old=(405,2004,549,2076) new=(421,2004,565,2076) relayoutAsync=true req=(144,72)0 dur=0 res=0x0 s={true 0x722b0a2b70} ch=false seqId=0
06-19 20:52:33.311 12250 12250 I VRI[PopupWindow:1985d89]@650ddaf: registerCallbackForPendingTransactions
06-19 20:52:33.312 12250 12312 I VRI[PopupWindow:1985d89]@650ddaf: mWNT: t=0x731b102490 mBlastBufferQueue=0x723b1f2b20 fn= 161 HdrRenderState mRenderHdrSdrRatio=1.0 caller= android.view.ViewRootImpl$10.onFrameDraw:6536 android.view.ViewRootImpl$4.onFrameDraw:2489 android.view.ThreadedRenderer$1.onFrameDraw:718 
06-19 20:52:34.261 12250 12250 I BLASTBufferQueue_Java: update, w= 144 h= 72 mName = VRI[PopupWindow:1985d89]@650ddaf mNativeObject= 0x723b1f2b20 sc.mNativeObject= 0x734b058910 format= -3 caller= android.view.ViewRootImpl.updateBlastSurfaceIfNeeded:3574 android.view.ViewRootImpl.relayoutWindow:11685 android.view.ViewRootImpl.performTraversals:4804 android.view.ViewRootImpl.doTraversal:3924 android.view.ViewRootImpl$TraversalRunnable.run:12903 android.view.Choreographer$CallbackRecord.run:1901 
06-19 20:52:34.261 12250 12250 I VRI[PopupWindow:1985d89]@650ddaf: Relayout returned: old=(421,2004,565,2076) new=(405,1973,549,2045) relayoutAsync=true req=(144,72)0 dur=1 res=0x0 s={true 0x722b0a2b70} ch=false seqId=0
06-19 20:52:34.262 12250 12250 I VRI[PopupWindow:1985d89]@650ddaf: registerCallbackForPendingTransactions
06-19 20:52:34.263 12250 12311 I VRI[PopupWindow:1985d89]@650ddaf: mWNT: t=0x731b0a56d0 mBlastBufferQueue=0x723b1f2b20 fn= 162 HdrRenderState mRenderHdrSdrRatio=1.0 caller= android.view.ViewRootImpl$10.onFrameDraw:6536 android.view.ViewRootImpl$4.onFrameDraw:2489 android.view.ThreadedRenderer$1.onFrameDraw:718 
06-19 20:52:34.360 12250 12250 I BLASTBufferQueue_Java: update, w= 144 h= 72 mName = VRI[PopupWindow:1985d89]@650ddaf mNativeObject= 0x723b1f2b20 sc.mNativeObject= 0x734b058910 format= -3 caller= android.view.ViewRootImpl.updateBlastSurfaceIfNeeded:3574 android.view.ViewRootImpl.relayoutWindow:11685 android.view.ViewRootImpl.performTraversals:4804 android.view.ViewRootImpl.doTraversal:3924 android.view.ViewRootImpl$TraversalRunnable.run:12903 android.view.Choreographer$CallbackRecord.run:1901 
06-19 20:52:34.360 12250 12250 I VRI[PopupWindow:1985d89]@650ddaf: Relayout returned: old=(405,1973,549,2045) new=(389,1973,533,2045) relayoutAsync=true req=(144,72)0 dur=0 res=0x0 s={true 0x722b0a2b70} ch=false seqId=0
06-19 20:52:34.362 12250 12250 I VRI[PopupWindow:1985d89]@650ddaf: registerCallbackForPendingTransactions
06-19 20:52:34.363 12250 12312 I VRI[PopupWindow:1985d89]@650ddaf: mWNT: t=0x731b099490 mBlastBufferQueue=0x723b1f2b20 fn= 163 HdrRenderState mRenderHdrSdrRatio=1.0 caller= android.view.ViewRootImpl$10.onFrameDraw:6536 android.view.ViewRootImpl$4.onFrameDraw:2489 android.view.ThreadedRenderer$1.onFrameDraw:718 
06-19 20:52:34.394 12250 12250 I BLASTBufferQueue_Java: update, w= 144 h= 72 mName = VRI[PopupWindow:1985d89]@650ddaf mNativeObject= 0x723b1f2b20 sc.mNativeObject= 0x734b058910 format= -3 caller= android.view.ViewRootImpl.updateBlastSurfaceIfNeeded:3574 android.view.ViewRootImpl.relayoutWindow:11685 android.view.ViewRootImpl.performTraversals:4804 android.view.ViewRootImpl.doTraversal:3924 android.view.ViewRootImpl$TraversalRunnable.run:12903 android.view.Choreographer$CallbackRecord.run:1901 
06-19 20:52:34.394 12250 12250 I VRI[PopupWindow:1985d89]@650ddaf: Relayout returned: old=(389,1973,533,2045) new=(373,1973,517,2045) relayoutAsync=true req=(144,72)0 dur=0 res=0x0 s={true 0x722b0a2b70} ch=false seqId=0
06-19 20:52:34.395 12250 12250 I VRI[PopupWindow:1985d89]@650ddaf: registerCallbackForPendingTransactions
06-19 20:52:34.397 12250 12311 I VRI[PopupWindow:1985d89]@650ddaf: mWNT: t=0x731b078cd0 mBlastBufferQueue=0x723b1f2b20 fn= 164 HdrRenderState mRenderHdrSdrRatio=1.0 caller= android.view.ViewRootImpl$10.onFrameDraw:6536 android.view.ViewRootImpl$4.onFrameDraw:2489 android.view.ThreadedRenderer$1.onFrameDraw:718 
06-19 20:52:34.411 12250 12250 I BLASTBufferQueue_Java: update, w= 144 h= 72 mName = VRI[PopupWindow:1985d89]@650ddaf mNativeObject= 0x723b1f2b20 sc.mNativeObject= 0x734b058910 format= -3 caller= android.view.ViewRootImpl.updateBlastSurfaceIfNeeded:3574 android.view.ViewRootImpl.relayoutWindow:11685 android.view.ViewRootImpl.performTraversals:4804 android.view.ViewRootImpl.doTraversal:3924 android.view.ViewRootImpl$TraversalRunnable.run:12903 android.view.Choreographer$CallbackRecord.run:1901 
06-19 20:52:34.411 12250 12250 I VRI[PopupWindow:1985d89]@650ddaf: Relayout returned: old=(373,1973,517,2045) new=(357,1973,501,2045) relayoutAsync=true req=(144,72)0 dur=0 res=0x0 s={true 0x722b0a2b70} ch=false seqId=0
06-19 20:52:34.412 12250 12250 I VRI[PopupWindow:1985d89]@650ddaf: registerCallbackForPendingTransactions
06-19 20:52:34.413 12250 12312 I VRI[PopupWindow:1985d89]@650ddaf: mWNT: t=0x731b112090 mBlastBufferQueue=0x723b1f2b20 fn= 165 HdrRenderState mRenderHdrSdrRatio=1.0 caller= android.view.ViewRootImpl$10.onFrameDraw:6536 android.view.ViewRootImpl$4.onFrameDraw:2489 android.view.ThreadedRenderer$1.onFrameDraw:718 
06-19 20:52:34.427 12250 12250 I BLASTBufferQueue_Java: update, w= 144 h= 72 mName = VRI[PopupWindow:1985d89]@650ddaf mNativeObject= 0x723b1f2b20 sc.mNativeObject= 0x734b058910 format= -3 caller= android.view.ViewRootImpl.updateBlastSurfaceIfNeeded:3574 android.view.ViewRootImpl.relayoutWindow:11685 android.view.ViewRootImpl.performTraversals:4804 android.view.ViewRootImpl.doTraversal:3924 android.view.ViewRootImpl$TraversalRunnable.run:12903 android.view.Choreographer$CallbackRecord.run:1901 
06-19 20:52:34.427 12250 12250 I VRI[PopupWindow:1985d89]@650ddaf: Relayout returned: old=(357,1973,501,2045) new=(341,1973,485,2045) relayoutAsync=true req=(144,72)0 dur=0 res=0x0 s={true 0x722b0a2b70} ch=false seqId=0
06-19 20:52:34.428 12250 12250 I VRI[PopupWindow:1985d89]@650ddaf: registerCallbackForPendingTransactions
06-19 20:52:34.430 12250 12311 I VRI[PopupWindow:1985d89]@650ddaf: mWNT: t=0x731b0dea10 mBlastBufferQueue=0x723b1f2b20 fn= 166 HdrRenderState mRenderHdrSdrRatio=1.0 caller= android.view.ViewRootImpl$10.onFrameDraw:6536 android.view.ViewRootImpl$4.onFrameDraw:2489 android.view.ThreadedRenderer$1.onFrameDraw:718 
06-19 20:52:34.443 12250 12250 I BLASTBufferQueue_Java: update, w= 144 h= 72 mName = VRI[PopupWindow:1985d89]@650ddaf mNativeObject= 0x723b1f2b20 sc.mNativeObject= 0x734b058910 format= -3 caller= android.view.ViewRootImpl.updateBlastSurfaceIfNeeded:3574 android.view.ViewRootImpl.relayoutWindow:11685 android.view.ViewRootImpl.performTraversals:4804 android.view.ViewRootImpl.doTraversal:3924 android.view.ViewRootImpl$TraversalRunnable.run:12903 android.view.Choreographer$CallbackRecord.run:1901 
06-19 20:52:34.443 12250 12250 I VRI[PopupWindow:1985d89]@650ddaf: Relayout returned: old=(341,1973,485,2045) new=(325,1973,469,2045) relayoutAsync=true req=(144,72)0 dur=0 res=0x0 s={true 0x722b0a2b70} ch=false seqId=0
06-19 20:52:34.444 12250 12250 I VRI[PopupWindow:1985d89]@650ddaf: registerCallbackForPendingTransactions
06-19 20:52:34.445 12250 12312 I VRI[PopupWindow:1985d89]@650ddaf: mWNT: t=0x731b063950 mBlastBufferQueue=0x723b1f2b20 fn= 167 HdrRenderState mRenderHdrSdrRatio=1.0 caller= android.view.ViewRootImpl$10.onFrameDraw:6536 android.view.ViewRootImpl$4.onFrameDraw:2489 android.view.ThreadedRenderer$1.onFrameDraw:718 
06-19 20:52:34.493 12250 12250 I BLASTBufferQueue_Java: update, w= 144 h= 72 mName = VRI[PopupWindow:1985d89]@650ddaf mNativeObject= 0x723b1f2b20 sc.mNativeObject= 0x734b058910 format= -3 caller= android.view.ViewRootImpl.updateBlastSurfaceIfNeeded:3574 android.view.ViewRootImpl.relayoutWindow:11685 android.view.ViewRootImpl.performTraversals:4804 android.view.ViewRootImpl.doTraversal:3924 android.view.ViewRootImpl$TraversalRunnable.run:12903 android.view.Choreographer$CallbackRecord.run:1901 
06-19 20:52:34.494 12250 12250 I VRI[PopupWindow:1985d89]@650ddaf: Relayout returned: old=(325,1973,469,2045) new=(309,1973,453,2045) relayoutAsync=true req=(144,72)0 dur=0 res=0x0 s={true 0x722b0a2b70} ch=false seqId=0
06-19 20:52:34.495 12250 12250 I VRI[PopupWindow:1985d89]@650ddaf: registerCallbackForPendingTransactions
06-19 20:52:34.496 12250 12311 I VRI[PopupWindow:1985d89]@650ddaf: mWNT: t=0x731b08abd0 mBlastBufferQueue=0x723b1f2b20 fn= 168 HdrRenderState mRenderHdrSdrRatio=1.0 caller= android.view.ViewRootImpl$10.onFrameDraw:6536 android.view.ViewRootImpl$4.onFrameDraw:2489 android.view.ThreadedRenderer$1.onFrameDraw:718 
06-19 20:52:34.544 12250 12250 I BLASTBufferQueue_Java: update, w= 144 h= 72 mName = VRI[PopupWindow:1985d89]@650ddaf mNativeObject= 0x723b1f2b20 sc.mNativeObject= 0x734b058910 format= -3 caller= android.view.ViewRootImpl.updateBlastSurfaceIfNeeded:3574 android.view.ViewRootImpl.relayoutWindow:11685 android.view.ViewRootImpl.performTraversals:4804 android.view.ViewRootImpl.doTraversal:3924 android.view.ViewRootImpl$TraversalRunnable.run:12903 android.view.Choreographer$CallbackRecord.run:1901 
06-19 20:52:34.544 12250 12250 I VRI[PopupWindow:1985d89]@650ddaf: Relayout returned: old=(309,1973,453,2045) new=(293,1973,437,2045) relayoutAsync=true req=(144,72)0 dur=0 res=0x0 s={true 0x722b0a2b70} ch=false seqId=0
06-19 20:52:34.545 12250 12250 I VRI[PopupWindow:1985d89]@650ddaf: registerCallbackForPendingTransactions
06-19 20:52:34.546 12250 12312 I VRI[PopupWindow:1985d89]@650ddaf: mWNT: t=0x731b0f2510 mBlastBufferQueue=0x723b1f2b20 fn= 169 HdrRenderState mRenderHdrSdrRatio=1.0 caller= android.view.ViewRootImpl$10.onFrameDraw:6536 android.view.ViewRootImpl$4.onFrameDraw:2489 android.view.ThreadedRenderer$1.onFrameDraw:718 
06-19 20:52:34.680 12250 12250 I BLASTBufferQueue_Java: update, w= 144 h= 72 mName = VRI[PopupWindow:1985d89]@650ddaf mNativeObject= 0x723b1f2b20 sc.mNativeObject= 0x734b058910 format= -3 caller= android.view.ViewRootImpl.updateBlastSurfaceIfNeeded:3574 android.view.ViewRootImpl.relayoutWindow:11685 android.view.ViewRootImpl.performTraversals:4804 android.view.ViewRootImpl.doTraversal:3924 android.view.ViewRootImpl$TraversalRunnable.run:12903 android.view.Choreographer$CallbackRecord.run:1901 
06-19 20:52:34.680 12250 12250 I VRI[PopupWindow:1985d89]@650ddaf: Relayout returned: old=(293,1973,437,2045) new=(277,1973,421,2045) relayoutAsync=true req=(144,72)0 dur=3 res=0x0 s={true 0x722b0a2b70} ch=false seqId=0
06-19 20:52:34.681 12250 12250 I VRI[PopupWindow:1985d89]@650ddaf: registerCallbackForPendingTransactions
06-19 20:52:34.682 12250 12311 I VRI[PopupWindow:1985d89]@650ddaf: mWNT: t=0x731b0afb50 mBlastBufferQueue=0x723b1f2b20 fn= 170 HdrRenderState mRenderHdrSdrRatio=1.0 caller= android.view.ViewRootImpl$10.onFrameDraw:6536 android.view.ViewRootImpl$4.onFrameDraw:2489 android.view.ThreadedRenderer$1.onFrameDraw:718 
06-19 20:52:34.880 12250 12250 I BLASTBufferQueue_Java: update, w= 144 h= 72 mName = VRI[PopupWindow:1985d89]@650ddaf mNativeObject= 0x723b1f2b20 sc.mNativeObject= 0x734b058910 format= -3 caller= android.view.ViewRootImpl.updateBlastSurfaceIfNeeded:3574 android.view.ViewRootImpl.relayoutWindow:11685 android.view.ViewRootImpl.performTraversals:4804 android.view.ViewRootImpl.doTraversal:3924 android.view.ViewRootImpl$TraversalRunnable.run:12903 android.view.Choreographer$CallbackRecord.run:1901 
06-19 20:52:34.880 12250 12250 I VRI[PopupWindow:1985d89]@650ddaf: Relayout returned: old=(277,1973,421,2045) new=(261,1973,405,2045) relayoutAsync=true req=(144,72)0 dur=3 res=0x0 s={true 0x722b0a2b70} ch=false seqId=0
06-19 20:52:34.882 12250 12250 I VRI[PopupWindow:1985d89]@650ddaf: registerCallbackForPendingTransactions
06-19 20:52:34.884 12250 12312 I VRI[PopupWindow:1985d89]@650ddaf: mWNT: t=0x731b0d7a10 mBlastBufferQueue=0x723b1f2b20 fn= 171 HdrRenderState mRenderHdrSdrRatio=1.0 caller= android.view.ViewRootImpl$10.onFrameDraw:6536 android.view.ViewRootImpl$4.onFrameDraw:2489 android.view.ThreadedRenderer$1.onFrameDraw:718 
06-19 20:52:34.894 12250 12250 I BLASTBufferQueue_Java: update, w= 144 h= 72 mName = VRI[PopupWindow:1985d89]@650ddaf mNativeObject= 0x723b1f2b20 sc.mNativeObject= 0x734b058910 format= -3 caller= android.view.ViewRootImpl.updateBlastSurfaceIfNeeded:3574 android.view.ViewRootImpl.relayoutWindow:11685 android.view.ViewRootImpl.performTraversals:4804 android.view.ViewRootImpl.doTraversal:3924 android.view.ViewRootImpl$TraversalRunnable.run:12903 android.view.Choreographer$CallbackRecord.run:1901 
06-19 20:52:34.894 12250 12250 I VRI[PopupWindow:1985d89]@650ddaf: Relayout returned: old=(261,1973,405,2045) new=(261,2004,405,2076) relayoutAsync=true req=(144,72)0 dur=0 res=0x0 s={true 0x722b0a2b70} ch=false seqId=0
06-19 20:52:34.895 12250 12250 I VRI[PopupWindow:1985d89]@650ddaf: registerCallbackForPendingTransactions
06-19 20:52:34.898 12250 12311 I VRI[PopupWindow:1985d89]@650ddaf: mWNT: t=0x731b0fb810 mBlastBufferQueue=0x723b1f2b20 fn= 172 HdrRenderState mRenderHdrSdrRatio=1.0 caller= android.view.ViewRootImpl$10.onFrameDraw:6536 android.view.ViewRootImpl$4.onFrameDraw:2489 android.view.ThreadedRenderer$1.onFrameDraw:718 
06-19 20:52:34.978 12250 12250 I BLASTBufferQueue_Java: update, w= 144 h= 72 mName = VRI[PopupWindow:1985d89]@650ddaf mNativeObject= 0x723b1f2b20 sc.mNativeObject= 0x734b058910 format= -3 caller= android.view.ViewRootImpl.updateBlastSurfaceIfNeeded:3574 android.view.ViewRootImpl.relayoutWindow:11685 android.view.ViewRootImpl.performTraversals:4804 android.view.ViewRootImpl.doTraversal:3924 android.view.ViewRootImpl$TraversalRunnable.run:12903 android.view.Choreographer$CallbackRecord.run:1901 
06-19 20:52:34.979 12250 12250 I VRI[PopupWindow:1985d89]@650ddaf: Relayout returned: old=(261,2004,405,2076) new=(245,2004,389,2076) relayoutAsync=true req=(144,72)0 dur=1 res=0x0 s={true 0x722b0a2b70} ch=false seqId=0
06-19 20:52:34.980 12250 12250 I VRI[PopupWindow:1985d89]@650ddaf: registerCallbackForPendingTransactions
06-19 20:52:34.983 12250 12312 I VRI[PopupWindow:1985d89]@650ddaf: mWNT: t=0x731b127b10 mBlastBufferQueue=0x723b1f2b20 fn= 173 HdrRenderState mRenderHdrSdrRatio=1.0 caller= android.view.ViewRootImpl$10.onFrameDraw:6536 android.view.ViewRootImpl$4.onFrameDraw:2489 android.view.ThreadedRenderer$1.onFrameDraw:718 
06-19 20:52:35.027 12250 12250 I BLASTBufferQueue_Java: update, w= 144 h= 72 mName = VRI[PopupWindow:1985d89]@650ddaf mNativeObject= 0x723b1f2b20 sc.mNativeObject= 0x734b058910 format= -3 caller= android.view.ViewRootImpl.updateBlastSurfaceIfNeeded:3574 android.view.ViewRootImpl.relayoutWindow:11685 android.view.ViewRootImpl.performTraversals:4804 android.view.ViewRootImpl.doTraversal:3924 android.view.ViewRootImpl$TraversalRunnable.run:12903 android.view.Choreographer$CallbackRecord.run:1901 
06-19 20:52:35.027 12250 12250 I VRI[PopupWindow:1985d89]@650ddaf: Relayout returned: old=(245,2004,389,2076) new=(245,1973,389,2045) relayoutAsync=true req=(144,72)0 dur=0 res=0x0 s={true 0x722b0a2b70} ch=false seqId=0
06-19 20:52:35.032 12250 12250 I VRI[PopupWindow:1985d89]@650ddaf: registerCallbackForPendingTransactions
06-19 20:52:35.034 12250 12311 I VRI[PopupWindow:1985d89]@650ddaf: mWNT: t=0x731b05f510 mBlastBufferQueue=0x723b1f2b20 fn= 174 HdrRenderState mRenderHdrSdrRatio=1.0 caller= android.view.ViewRootImpl$10.onFrameDraw:6536 android.view.ViewRootImpl$4.onFrameDraw:2489 android.view.ThreadedRenderer$1.onFrameDraw:718 
06-19 20:52:35.044 12250 12250 I BLASTBufferQueue_Java: update, w= 144 h= 72 mName = VRI[PopupWindow:1985d89]@650ddaf mNativeObject= 0x723b1f2b20 sc.mNativeObject= 0x734b058910 format= -3 caller= android.view.ViewRootImpl.updateBlastSurfaceIfNeeded:3574 android.view.ViewRootImpl.relayoutWindow:11685 android.view.ViewRootImpl.performTraversals:4804 android.view.ViewRootImpl.doTraversal:3924 android.view.ViewRootImpl$TraversalRunnable.run:12903 android.view.Choreographer$CallbackRecord.run:1901 
06-19 20:52:35.044 12250 12250 I VRI[PopupWindow:1985d89]@650ddaf: Relayout returned: old=(245,1973,389,2045) new=(229,1973,373,2045) relayoutAsync=true req=(144,72)0 dur=0 res=0x0 s={true 0x722b0a2b70} ch=false seqId=0
06-19 20:52:35.045 12250 12250 I VRI[PopupWindow:1985d89]@650ddaf: registerCallbackForPendingTransactions
06-19 20:52:35.050 12250 12312 I VRI[PopupWindow:1985d89]@650ddaf: mWNT: t=0x731b0a9cd0 mBlastBufferQueue=0x723b1f2b20 fn= 175 HdrRenderState mRenderHdrSdrRatio=1.0 caller= android.view.ViewRootImpl$10.onFrameDraw:6536 android.view.ViewRootImpl$4.onFrameDraw:2489 android.view.ThreadedRenderer$1.onFrameDraw:718 
06-19 20:52:35.094 12250 12250 I BLASTBufferQueue_Java: update, w= 144 h= 72 mName = VRI[PopupWindow:1985d89]@650ddaf mNativeObject= 0x723b1f2b20 sc.mNativeObject= 0x734b058910 format= -3 caller= android.view.ViewRootImpl.updateBlastSurfaceIfNeeded:3574 android.view.ViewRootImpl.relayoutWindow:11685 android.view.ViewRootImpl.performTraversals:4804 android.view.ViewRootImpl.doTraversal:3924 android.view.ViewRootImpl$TraversalRunnable.run:12903 android.view.Choreographer$CallbackRecord.run:1901 
06-19 20:52:35.094 12250 12250 I VRI[PopupWindow:1985d89]@650ddaf: Relayout returned: old=(229,1973,373,2045) new=(213,1973,357,2045) relayoutAsync=true req=(144,72)0 dur=0 res=0x0 s={true 0x722b0a2b70} ch=false seqId=0
06-19 20:52:35.095 12250 12250 I VRI[PopupWindow:1985d89]@650ddaf: registerCallbackForPendingTransactions
06-19 20:52:35.097 12250 12311 I VRI[PopupWindow:1985d89]@650ddaf: mWNT: t=0x731b137e10 mBlastBufferQueue=0x723b1f2b20 fn= 176 HdrRenderState mRenderHdrSdrRatio=1.0 caller= android.view.ViewRootImpl$10.onFrameDraw:6536 android.view.ViewRootImpl$4.onFrameDraw:2489 android.view.ThreadedRenderer$1.onFrameDraw:718 
06-19 20:52:35.244 12250 12250 I BLASTBufferQueue_Java: update, w= 144 h= 72 mName = VRI[PopupWindow:1985d89]@650ddaf mNativeObject= 0x723b1f2b20 sc.mNativeObject= 0x734b058910 format= -3 caller= android.view.ViewRootImpl.updateBlastSurfaceIfNeeded:3574 android.view.ViewRootImpl.relayoutWindow:11685 android.view.ViewRootImpl.performTraversals:4804 android.view.ViewRootImpl.doTraversal:3924 android.view.ViewRootImpl$TraversalRunnable.run:12903 android.view.Choreographer$CallbackRecord.run:1901 
06-19 20:52:35.244 12250 12250 I VRI[PopupWindow:1985d89]@650ddaf: Relayout returned: old=(213,1973,357,2045) new=(197,1973,341,2045) relayoutAsync=true req=(144,72)0 dur=1 res=0x0 s={true 0x722b0a2b70} ch=false seqId=0
06-19 20:52:35.245 12250 12250 I VRI[PopupWindow:1985d89]@650ddaf: registerCallbackForPendingTransactions
06-19 20:52:35.247 12250 12312 I VRI[PopupWindow:1985d89]@650ddaf: mWNT: t=0x731b11e650 mBlastBufferQueue=0x723b1f2b20 fn= 177 HdrRenderState mRenderHdrSdrRatio=1.0 caller= android.view.ViewRootImpl$10.onFrameDraw:6536 android.view.ViewRootImpl$4.onFrameDraw:2489 android.view.ThreadedRenderer$1.onFrameDraw:718 
06-19 20:52:35.428 12250 12250 I BLASTBufferQueue_Java: update, w= 144 h= 72 mName = VRI[PopupWindow:1985d89]@650ddaf mNativeObject= 0x723b1f2b20 sc.mNativeObject= 0x734b058910 format= -3 caller= android.view.ViewRootImpl.updateBlastSurfaceIfNeeded:3574 android.view.ViewRootImpl.relayoutWindow:11685 android.view.ViewRootImpl.performTraversals:4804 android.view.ViewRootImpl.doTraversal:3924 android.view.ViewRootImpl$TraversalRunnable.run:12903 android.view.Choreographer$CallbackRecord.run:1901 
06-19 20:52:35.428 12250 12250 I VRI[PopupWindow:1985d89]@650ddaf: Relayout returned: old=(197,1973,341,2045) new=(181,1973,325,2045) relayoutAsync=true req=(144,72)0 dur=0 res=0x0 s={true 0x722b0a2b70} ch=false seqId=0
06-19 20:52:35.429 12250 12250 I VRI[PopupWindow:1985d89]@650ddaf: registerCallbackForPendingTransactions
06-19 20:52:35.432 12250 12311 I VRI[PopupWindow:1985d89]@650ddaf: mWNT: t=0x731b116850 mBlastBufferQueue=0x723b1f2b20 fn= 178 HdrRenderState mRenderHdrSdrRatio=1.0 caller= android.view.ViewRootImpl$10.onFrameDraw:6536 android.view.ViewRootImpl$4.onFrameDraw:2489 android.view.ThreadedRenderer$1.onFrameDraw:718 
06-19 20:52:35.564 12250 12250 I BLASTBufferQueue_Java: update, w= 144 h= 72 mName = VRI[PopupWindow:1985d89]@650ddaf mNativeObject= 0x723b1f2b20 sc.mNativeObject= 0x734b058910 format= -3 caller= android.view.ViewRootImpl.updateBlastSurfaceIfNeeded:3574 android.view.ViewRootImpl.relayoutWindow:11685 android.view.ViewRootImpl.performTraversals:4804 android.view.ViewRootImpl.doTraversal:3924 android.view.ViewRootImpl$TraversalRunnable.run:12903 android.view.Choreographer$CallbackRecord.run:1901 
06-19 20:52:35.564 12250 12250 I VRI[PopupWindow:1985d89]@650ddaf: Relayout returned: old=(181,1973,325,2045) new=(165,1973,309,2045) relayoutAsync=true req=(144,72)0 dur=3 res=0x0 s={true 0x722b0a2b70} ch=false seqId=0
06-19 20:52:35.565 12250 12250 I VRI[PopupWindow:1985d89]@650ddaf: registerCallbackForPendingTransactions
06-19 20:52:35.566 12250 12312 I VRI[PopupWindow:1985d89]@650ddaf: mWNT: t=0x731b066f90 mBlastBufferQueue=0x723b1f2b20 fn= 179 HdrRenderState mRenderHdrSdrRatio=1.0 caller= android.view.ViewRootImpl$10.onFrameDraw:6536 android.view.ViewRootImpl$4.onFrameDraw:2489 android.view.ThreadedRenderer$1.onFrameDraw:718 
06-19 20:52:35.693 12250 12250 I VRI[PopupWindow:1985d89]@650ddaf: ViewPostIme pointer 1
06-19 20:52:35.999 12250 12250 I WindowManager: WindowManagerGlobal#addView, ty=1005, view=android.widget.PopupWindow$PopupDecorView{7ed4333 V.E...... R.....I. 0,0-0,0}, caller=android.view.WindowManagerImpl.addView:158 android.widget.PopupWindow.invokePopup:1692 android.widget.PopupWindow.showAtLocation:1418 
06-19 20:52:36.001 12250 12250 I ViewRootImpl: dVRR is disabled
06-19 20:52:36.002 12250 12289 D NativeCustomFrequencyManager: [NativeCFMS] BpCustomFrequencyManager::BpCustomFrequencyManager()
06-19 20:52:36.022 12250 12250 D InputTransport: Input channel constructed: '872abec', fd=151
06-19 20:52:36.024 12250 12250 I InsetsController: onStateChanged: host=PopupWindow:92f3715, from=android.view.ViewRootImpl.onInsetsStateChanged:3026, state=InsetsState: {mDisplayFrame=Rect(0, 0 - 1080, 2400), mDisplayCutout=DisplayCutout{insets=Rect(0, 82 - 0, 0) waterfall=Insets{left=0, top=0, right=0, bottom=0} boundingRect={Bounds=[Rect(0, 0 - 0, 0), Rect(509, 0 - 571, 82), Rect(0, 0 - 0, 0), Rect(0, 0 - 0, 0)]} cutoutPathParserInfo={CutoutPathParserInfo{displayWidth=1080 displayHeight=2400 physicalDisplayWidth=1080 physicalDisplayHeight=2400 density={2.8125} cutoutSpec={M 0,0 M 0, 7.111111111111111 a 11.02222222222222,11.02222222222222 0 1,0 0,22.04444444444444 a 11.02222222222222,11.02222222222222 0 1,0 0,-22.04444444444444 Z @dp} rotation={0} scale={1.0} physicalPixelDisplaySizeRatio={1.0}}} sideOverrides={}}, mRoundedCorners=RoundedCorners{[RoundedCorner{position=TopLeft, radius=78, center=Point(78, 78)}, RoundedCorner{position=TopRight, radius=78, center=Point(1002, 78)}, RoundedCorner{position=BottomRight, radius=78, center=Point(1002, 2322)}, RoundedCorner{position=BottomLeft, radius=78, center=Point(78, 2322)}]}  mRoundedCornerFrame=Rect(0, 0 - 1080, 2400), mPrivacyIndicatorBounds=PrivacyIndicatorBounds {static bounds=Rect(948, 0 - 1080, 82) rotation=0}, mDisplayShape=DisplayShape{ spec=-311912193 displayWidth=1080 displayHeight=2400 physicalPixelDisplaySizeRatio=1.0 rotation=0 offsetX=0 offsetY=0 scale=1.0}, mSources= { InsetsSource: {e6380001 mType=navigationBars mFrame=[0,2256][1080,2400] mVisible=true mFlags= mSideHint=BOTTOM mBoundingRects=null}, InsetsSource: {e6380004 mType=systemGestures mFrame=[0,0][0,0] mVisible=true mFlags= mSideHint=NONE mBoundingRects=null}, InsetsSource: {e6380005 mType=mandatorySystemGestures mFrame=[0,2256][1080,2400] mVisible=true mFlags= mSideHint=BOTTOM mBoundingRects=null}, InsetsSource: {e6380006 mType=tappableElement mFrame=[0,2256][1080,2400] mVisible=true mFlags= mSideHint=BOTTOM mBoundingRects=null}, InsetsSource: {e6380024 mType=systemGestures mFrame=[0,0][0,0] mVisible=true mFlags= mSideHint=NONE mBoundingRects=null}, InsetsSource: {27 mType=displayCutout mFrame=[0,0][1080,82] mVisible=true mFlags= mSideHint=TOP mBoundingRects=null}, InsetsSource: {67bb0000 mType=statusBars mFrame=[0,0][1080,82] mVisible=true mFlags= mSideHint=TOP mBoundingRects=null}, InsetsSource: {67bb0005 mType=mandatorySystemGestures mFrame=[0,0][1080,118] mVisible=true mFlags= mSideHint=TOP mBoundingRects=null}, InsetsSource: {67bb0006 mType=tappableElement mFrame=[0,0][1080,82] mVisible=true mFlags= mSideHint=TOP mBoundingRects=null} }
06-19 20:52:36.025 12250 12250 I VRI[PopupWindow:92f3715]@6f156f0: synced displayState. AttachInfo displayState=2
06-19 20:52:36.043 12250 12250 I VRI[PopupWindow:92f3715]@6f156f0: setView = android.widget.PopupWindow$PopupDecorView@7ed4333 IsHRR=false mFlingFrameRateChange=0 TM=true
06-19 20:52:36.044 12250 12289 D HWUI    : HWUI - treat SMPTE_170M as sRGB
06-19 20:52:36.072 12250 12250 W libc    : Access denied finding property "vendor.display.enable_optimal_refresh_rate"
06-19 20:52:36.072 12250 12250 I BLASTBufferQueue_Java: new BLASTBufferQueue, mName= VRI[PopupWindow:92f3715]@6f156f0 mNativeObject= 0x723b0b1720 caller= android.view.ViewRootImpl.updateBlastSurfaceIfNeeded:3585 android.view.ViewRootImpl.relayoutWindow:11685 android.view.ViewRootImpl.performTraversals:4804 android.view.ViewRootImpl.doTraversal:3924 android.view.ViewRootImpl$TraversalRunnable.run:12903 android.view.Choreographer$CallbackRecord.run:1901 android.view.Choreographer$CallbackRecord.run:1910 android.view.Choreographer.doCallbacks:1367 android.view.Choreographer.doFrame:1292 android.view.Choreographer$FrameDisplayEventReceiver.run:1870 
06-19 20:52:36.072 12250 12250 I BLASTBufferQueue_Java: update, w= 715 h= 192 mName = VRI[PopupWindow:92f3715]@6f156f0 mNativeObject= 0x723b0b1720 sc.mNativeObject= 0x734b19fd90 format= -2 caller= android.view.ViewRootImpl.updateBlastSurfaceIfNeeded:3590 android.view.ViewRootImpl.relayoutWindow:11685 android.view.ViewRootImpl.performTraversals:4804 android.view.ViewRootImpl.doTraversal:3924 android.view.ViewRootImpl$TraversalRunnable.run:12903 android.view.Choreographer$CallbackRecord.run:1901 
06-19 20:52:36.073 12250 12250 W libc    : Access denied finding property "vendor.display.enable_optimal_refresh_rate"
06-19 20:52:36.073 12250 12250 I VRI[PopupWindow:92f3715]@6f156f0: Relayout returned: old=(0,2057,715,2249) new=(0,2057,715,2249) relayoutAsync=false req=(715,192)0 dur=21 res=0x3 s={true 0x722b082ee0} ch=true seqId=0
06-19 20:52:36.074 12250 12250 D VRI[PopupWindow:92f3715]@6f156f0: mThreadedRenderer.initialize() mSurface={isValid=true 0x722b082ee0} hwInitialized=true
06-19 20:52:36.075 12250 12250 D VRI[PopupWindow:92f3715]@6f156f0: reportNextDraw android.view.ViewRootImpl.performTraversals:5443 android.view.ViewRootImpl.doTraversal:3924 android.view.ViewRootImpl$TraversalRunnable.run:12903 android.view.Choreographer$CallbackRecord.run:1901 android.view.Choreographer$CallbackRecord.run:1910 
06-19 20:52:36.076 12250 12250 D VRI[PopupWindow:92f3715]@6f156f0: Setup new sync=wmsSync-VRI[PopupWindow:92f3715]@6f156f0#12
06-19 20:52:36.076 12250 12250 I VRI[PopupWindow:92f3715]@6f156f0: Creating new active sync group VRI[PopupWindow:92f3715]@6f156f0#13
06-19 20:52:36.078 12250 12250 D VRI[PopupWindow:92f3715]@6f156f0: registerCallbacksForSync syncBuffer=false
06-19 20:52:36.080 12250 12311 D VRI[PopupWindow:92f3715]@6f156f0: Received frameDrawingCallback syncResult=0 frameNum=1.
06-19 20:52:36.080 12250 12311 I VRI[PopupWindow:92f3715]@6f156f0: mWNT: t=0x731b0b4bd0 mBlastBufferQueue=0x723b0b1720 fn= 1 HdrRenderState mRenderHdrSdrRatio=1.0 caller= android.view.ViewRootImpl$12.onFrameDraw:15441 android.view.ThreadedRenderer$1.onFrameDraw:718 <bottom of call stack> 
06-19 20:52:36.080 12250 12311 I VRI[PopupWindow:92f3715]@6f156f0: Setting up sync and frameCommitCallback
06-19 20:52:36.082 12250 12289 I VRI[PopupWindow:92f3715]@6f156f0: Received frameCommittedCallback lastAttemptedDrawFrameNum=1 didProduceBuffer=true
06-19 20:52:36.083 12250 12289 D HWUI    : CFMS:: SetUp Pid : 12250    Tid : 12289
06-19 20:52:36.083 12250 12250 D VRI[PopupWindow:92f3715]@6f156f0: reportDrawFinished seqId=0
06-19 20:52:36.084 12250 12250 I VRI[PopupWindow:92f3715]@6f156f0: handleResized, frames=ClientWindowFrames{frame=[0,2057][715,2249] display=[-100000,-100000][100000,100000] parentFrame=[0,0][0,0] attachedFrame=[0,0][1080,2400]} displayId=0 dragResizing=false compatScale=1.0 frameChanged=false attachedFrameChanged=false configChanged=false displayChanged=false compatScaleChanged=false dragResizingChanged=false
06-19 20:52:36.084 12250 12250 I VRI[PopupWindow:92f3715]@6f156f0: handleResized mSyncSeqId = 0
06-19 20:52:36.084 12250 12250 D VRI[PopupWindow:92f3715]@6f156f0: reportNextDraw android.view.ViewRootImpl.handleResized:2983 android.view.ViewRootImpl.-$$Nest$mhandleResized:0 android.view.ViewRootImpl$W.resized:14082 android.app.servertransaction.WindowStateResizeItem.execute:93 android.app.servertransaction.WindowStateTransactionItem.execute:62 
06-19 20:52:36.093 12250 12250 D VRI[PopupWindow:92f3715]@6f156f0: Setup new sync=wmsSync-VRI[PopupWindow:92f3715]@6f156f0#14
06-19 20:52:36.093 12250 12250 I VRI[PopupWindow:92f3715]@6f156f0: Creating new active sync group VRI[PopupWindow:92f3715]@6f156f0#15
06-19 20:52:36.093 12250 12250 D VRI[PopupWindow:92f3715]@6f156f0: registerCallbacksForSync syncBuffer=false
06-19 20:52:36.094 12250 12312 D VRI[PopupWindow:92f3715]@6f156f0: Received frameDrawingCallback syncResult=0 frameNum=3.
06-19 20:52:36.094 12250 12312 I VRI[PopupWindow:92f3715]@6f156f0: Setting up sync and frameCommitCallback
06-19 20:52:36.095 12250 12289 I VRI[PopupWindow:92f3715]@6f156f0: Received frameCommittedCallback lastAttemptedDrawFrameNum=3 didProduceBuffer=true
06-19 20:52:36.095 12250 12250 D VRI[PopupWindow:92f3715]@6f156f0: reportDrawFinished seqId=0
06-19 20:52:36.809 12250 12250 I VRI[PopupWindow:92f3715]@6f156f0: ViewPostIme pointer 0
06-19 20:52:36.815 12250 12250 I VRI[PopupWindow:92f3715]@6f156f0: call setFrameRateCategory for touch hint category=high hint, reason=touch, vri=VRI[PopupWindow:92f3715]@6f156f0
06-19 20:52:36.850 12250 12250 I VRI[PopupWindow:92f3715]@6f156f0: ViewPostIme pointer 1
06-19 20:52:36.876 12250 12250 I WindowManager: WindowManagerGlobal#removeView, ty=1002, view=android.widget.PopupWindow$PopupDecorView{b55c18e V.E...... R....... 0,0-144,72}, caller=android.view.WindowManagerGlobal.removeView:654 android.view.WindowManagerImpl.removeViewImmediate:216 android.widget.PopupWindow.dismissImmediate:2415 
06-19 20:52:36.876 12250 12250 W WindowOnBackDispatcher: sendCancelIfRunning: isInProgress=false callback=android.view.ViewRootImpl$$ExternalSyntheticLambda16@f70689a
06-19 20:52:36.881 12250 12250 I VRI[PopupWindow:1985d89]@650ddaf: dispatchDetachedFromWindow
06-19 20:52:36.888 12250 12250 D InputTransport: Input channel destroyed: '9393cb ', fd=142
06-19 20:52:37.130 12250 12250 I WindowManager: WindowManagerGlobal#removeView, ty=1005, view=android.widget.PopupWindow$PopupDecorView{7ed4333 V.E...... R......D 0,0-715,192}, caller=android.view.WindowManagerGlobal.removeView:654 android.view.WindowManagerImpl.removeViewImmediate:216 android.widget.PopupWindow.dismissImmediate:2415 
06-19 20:52:37.130 12250 12250 W WindowOnBackDispatcher: sendCancelIfRunning: isInProgress=false callback=android.view.ViewRootImpl$$ExternalSyntheticLambda16@eaedf8f
06-19 20:52:37.141 12250 12289 D HWUI    : endAllActiveAnimators on 0x722b206630 (RippleDrawable) with handle 0x72db07aa70
06-19 20:52:37.142 12250 12250 I VRI[PopupWindow:92f3715]@6f156f0: dispatchDetachedFromWindow
06-19 20:52:37.157 12250 12250 D InputTransport: Input channel destroyed: '872abec', fd=151
06-19 20:52:37.546 12250 12250 I ImeFocusController: onPreWindowFocus: skipped hasWindowFocus=false mHasImeFocus=true
06-19 20:52:37.548 12250 12250 I ImeFocusController: onPostWindowFocus: skipped hasWindowFocus=false mHasImeFocus=true
06-19 20:52:38.018 12250 12250 I VRI[TermuxActivity]@a4a830a: stopped(true) old = false
06-19 20:52:38.018 12250 12250 D VRI[TermuxActivity]@a4a830a: WindowStopped on com.termux/com.termux.app.TermuxActivity set to true
06-19 20:52:38.019 12250 12289 D HWUI    : CacheManager::trimMemory(20)
06-19 20:52:38.060 12250 12289 D HWUI    : CacheManager::trimMemory(20)
06-19 20:52:38.065 12250 12250 I VRI[TermuxActivity]@a4a830a: Relayout returned: old=(0,0,1080,2400) new=(0,0,1080,2400) relayoutAsync=false req=(1080,2400)4 dur=3 res=0x2 s={false 0x0} ch=false seqId=0
06-19 20:52:38.065 12250 12250 D VRI[TermuxActivity]@a4a830a: Not drawing due to not visible. Reason=View.INVISIBLE
06-19 20:52:38.066 12250 12250 D InputTransport: Input channel destroyed: 'ClientS', fd=141
06-19 20:52:38.074 12250 12250 I VRI[TermuxActivity]@a4a830a: handleAppVisibility mAppVisible = true visible = false
06-19 20:52:38.081 12250 12250 D BBA2    : setIsFg isFg = false; delayValue 3999ms
06-19 20:53:35.034 12250 12250 I VRI[TermuxActivity]@a4a830a: handleAppVisibility mAppVisible = false visible = true
06-19 20:53:35.043 12250 12250 I VRI[TermuxActivity]@a4a830a: stopped(false) old = true
06-19 20:53:35.043 12250 12250 D VRI[TermuxActivity]@a4a830a: WindowStopped on com.termux/com.termux.app.TermuxActivity set to false
06-19 20:53:35.045 12250 12250 D BBA2    : setIsFg isFg = true
06-19 20:53:35.097 12250 12250 W libc    : Access denied finding property "vendor.display.enable_optimal_refresh_rate"
06-19 20:53:35.097 12250 12250 I BLASTBufferQueue_Java: new BLASTBufferQueue, mName= VRI[TermuxActivity]@a4a830a mNativeObject= 0x723b230f00 caller= android.view.ViewRootImpl.updateBlastSurfaceIfNeeded:3585 android.view.ViewRootImpl.relayoutWindow:11685 android.view.ViewRootImpl.performTraversals:4804 android.view.ViewRootImpl.doTraversal:3924 android.view.ViewRootImpl$TraversalRunnable.run:12903 android.view.Choreographer$CallbackRecord.run:1901 android.view.Choreographer$CallbackRecord.run:1910 android.view.Choreographer.doCallbacks:1367 android.view.Choreographer.doFrame:1292 android.view.Choreographer$FrameDisplayEventReceiver.run:1870 
06-19 20:53:35.097 12250 12250 I BLASTBufferQueue_Java: update, w= 1080 h= 2400 mName = VRI[TermuxActivity]@a4a830a mNativeObject= 0x723b230f00 sc.mNativeObject= 0x734b144e90 format= -1 caller= android.view.ViewRootImpl.updateBlastSurfaceIfNeeded:3590 android.view.ViewRootImpl.relayoutWindow:11685 android.view.ViewRootImpl.performTraversals:4804 android.view.ViewRootImpl.doTraversal:3924 android.view.ViewRootImpl$TraversalRunnable.run:12903 android.view.Choreographer$CallbackRecord.run:1901 
06-19 20:53:35.098 12250 12250 W libc    : Access denied finding property "vendor.display.enable_optimal_refresh_rate"
06-19 20:53:35.098 12250 12250 I VRI[TermuxActivity]@a4a830a: Relayout returned: old=(0,0,1080,2400) new=(0,0,1080,2400) relayoutAsync=false req=(1080,2400)0 dur=35 res=0x3 s={true 0x722b089c50} ch=true seqId=0
06-19 20:53:35.098 12250 12250 D VRI[TermuxActivity]@a4a830a: mThreadedRenderer.initialize() mSurface={isValid=true 0x722b089c50} hwInitialized=true
06-19 20:53:35.100 12250 12250 D VRI[TermuxActivity]@a4a830a: reportNextDraw android.view.ViewRootImpl.performTraversals:5443 android.view.ViewRootImpl.doTraversal:3924 android.view.ViewRootImpl$TraversalRunnable.run:12903 android.view.Choreographer$CallbackRecord.run:1901 android.view.Choreographer$CallbackRecord.run:1910 
06-19 20:53:35.100 12250 12250 D VRI[TermuxActivity]@a4a830a: Setup new sync=wmsSync-VRI[TermuxActivity]@a4a830a#16
06-19 20:53:35.100 12250 12250 I VRI[TermuxActivity]@a4a830a: Creating new active sync group VRI[TermuxActivity]@a4a830a#17
06-19 20:53:35.100 12250 12250 D VRI[TermuxActivity]@a4a830a: Start draw after previous draw not visible
06-19 20:53:35.100 12250 12250 D VRI[TermuxActivity]@a4a830a: registerCallbacksForSync syncBuffer=false
06-19 20:53:35.108 12250 12311 D VRI[TermuxActivity]@a4a830a: Received frameDrawingCallback syncResult=0 frameNum=1.
06-19 20:53:35.108 12250 12311 I VRI[TermuxActivity]@a4a830a: mWNT: t=0x731b118450 mBlastBufferQueue=0x723b230f00 fn= 1 HdrRenderState mRenderHdrSdrRatio=1.0 caller= android.view.ViewRootImpl$12.onFrameDraw:15441 android.view.ThreadedRenderer$1.onFrameDraw:718 <bottom of call stack> 
06-19 20:53:35.108 12250 12311 I VRI[TermuxActivity]@a4a830a: Setting up sync and frameCommitCallback
06-19 20:53:35.118 12250 12289 I VRI[TermuxActivity]@a4a830a: Received frameCommittedCallback lastAttemptedDrawFrameNum=1 didProduceBuffer=true
06-19 20:53:35.119 12250 12250 D VRI[TermuxActivity]@a4a830a: reportDrawFinished seqId=0
06-19 20:53:35.119 12250 12250 I VRI[TermuxActivity]@a4a830a: handleResized, frames=ClientWindowFrames{frame=[0,0][1080,2400] display=[0,0][1080,2400] parentFrame=[0,0][0,0]} displayId=0 dragResizing=false compatScale=1.0 frameChanged=false attachedFrameChanged=false configChanged=false displayChanged=false compatScaleChanged=false dragResizingChanged=false
06-19 20:53:35.119 12250 12250 I VRI[TermuxActivity]@a4a830a: handleResized mSyncSeqId = 0
06-19 20:53:35.119 12250 12250 D VRI[TermuxActivity]@a4a830a: reportNextDraw android.view.ViewRootImpl.handleResized:2983 android.view.ViewRootImpl.-$$Nest$mhandleResized:0 android.view.ViewRootImpl$W.resized:14082 android.app.servertransaction.WindowStateResizeItem.execute:93 android.app.servertransaction.WindowStateTransactionItem.execute:62 
06-19 20:53:35.124 12250 12250 D VRI[TermuxActivity]@a4a830a: Setup new sync=wmsSync-VRI[TermuxActivity]@a4a830a#18
06-19 20:53:35.124 12250 12250 I VRI[TermuxActivity]@a4a830a: Creating new active sync group VRI[TermuxActivity]@a4a830a#19
06-19 20:53:35.125 12250 12250 D VRI[TermuxActivity]@a4a830a: registerCallbacksForSync syncBuffer=false
06-19 20:53:35.125 12250 12312 D VRI[TermuxActivity]@a4a830a: Received frameDrawingCallback syncResult=0 frameNum=2.
06-19 20:53:35.125 12250 12312 I VRI[TermuxActivity]@a4a830a: Setting up sync and frameCommitCallback
06-19 20:53:35.129 12250 12289 I VRI[TermuxActivity]@a4a830a: Received frameCommittedCallback lastAttemptedDrawFrameNum=2 didProduceBuffer=false
